Archive member included to satisfy reference by file (symbol)

C:\Users\ciokb\Documents\LPCXpresso_8.1.4_606\workspace\lpc_board_nxp_lpcxpresso_812\Debug\liblpc_board_nxp_lpcxpresso_812.a(board.o)
                              ./example/src/periph_i2c_rom_interrupt.o (Board_LED_Set)
C:\Users\ciokb\Documents\LPCXpresso_8.1.4_606\workspace\lpc_board_nxp_lpcxpresso_812\Debug\liblpc_board_nxp_lpcxpresso_812.a(board_sysinit.o)
                              ./example/src/sysinit.o (Board_SystemInit)
C:\Users\ciokb\Documents\LPCXpresso_8.1.4_606\workspace\lpc_chip_8xx\Debug\liblpc_chip_8xx.a(chip_8xx.o)
                              ./example/src/periph_i2c_rom_interrupt.o (SystemCoreClockUpdate)
C:\Users\ciokb\Documents\LPCXpresso_8.1.4_606\workspace\lpc_chip_8xx\Debug\liblpc_chip_8xx.a(clock_8xx.o)
                              C:\Users\ciokb\Documents\LPCXpresso_8.1.4_606\workspace\lpc_board_nxp_lpcxpresso_812\Debug\liblpc_board_nxp_lpcxpresso_812.a(board_sysinit.o) (Chip_Clock_SetCLKOUTSource)
C:\Users\ciokb\Documents\LPCXpresso_8.1.4_606\workspace\lpc_chip_8xx\Debug\liblpc_chip_8xx.a(gpio_8xx.o)
                              C:\Users\ciokb\Documents\LPCXpresso_8.1.4_606\workspace\lpc_board_nxp_lpcxpresso_812\Debug\liblpc_board_nxp_lpcxpresso_812.a(board.o) (Chip_GPIO_Init)
C:\Users\ciokb\Documents\LPCXpresso_8.1.4_606\workspace\lpc_chip_8xx\Debug\liblpc_chip_8xx.a(i2c_common_8xx.o)
                              ./example/src/periph_i2c_rom_interrupt.o (Chip_I2C_Init)
C:\Users\ciokb\Documents\LPCXpresso_8.1.4_606\workspace\lpc_chip_8xx\Debug\liblpc_chip_8xx.a(swm_8xx.o)
                              ./example/src/periph_i2c_rom_interrupt.o (Chip_SWM_MovablePinAssign)
C:\Users\ciokb\Documents\LPCXpresso_8.1.4_606\workspace\lpc_chip_8xx\Debug\liblpc_chip_8xx.a(sysinit_8xx.o)
                              C:\Users\ciokb\Documents\LPCXpresso_8.1.4_606\workspace\lpc_board_nxp_lpcxpresso_812\Debug\liblpc_board_nxp_lpcxpresso_812.a(board_sysinit.o) (Chip_SetupIrcClocking)
C:\Users\ciokb\Documents\LPCXpresso_8.1.4_606\workspace\lpc_chip_8xx\Debug\liblpc_chip_8xx.a(uart_8xx.o)
                              C:\Users\ciokb\Documents\LPCXpresso_8.1.4_606\workspace\lpc_board_nxp_lpcxpresso_812\Debug\liblpc_board_nxp_lpcxpresso_812.a(board.o) (Chip_UART_Init)
C:\Users\ciokb\Documents\LPCXpresso_8.1.4_606\workspace\lpc_chip_8xx\Debug\liblpc_chip_8xx.a(irc_8xx.o)
                              C:\Users\ciokb\Documents\LPCXpresso_8.1.4_606\workspace\lpc_chip_8xx\Debug\liblpc_chip_8xx.a(sysinit_8xx.o) (Chip_IRC_SetFreq)
C:\Users\ciokb\Documents\LPCXpresso_8.1.4_606\workspace\lpc_chip_8xx\Debug\liblpc_chip_8xx.a(ring_buffer.o)
                              C:\Users\ciokb\Documents\LPCXpresso_8.1.4_606\workspace\lpc_chip_8xx\Debug\liblpc_chip_8xx.a(uart_8xx.o) (RingBuffer_Insert)
C:\Users\ciokb\Documents\LPCXpresso_8.1.4_606\workspace\lpc_chip_8xx\Debug\liblpc_chip_8xx.a(syscon_8xx.o)
                              C:\Users\ciokb\Documents\LPCXpresso_8.1.4_606\workspace\lpc_chip_8xx\Debug\liblpc_chip_8xx.a(sysinit_8xx.o) (Chip_SYSCTL_PowerDown)
c:/nxp/lpcxpresso_8.1.4_606/lpcxpresso/tools/bin/../lib/gcc/arm-none-eabi/5.2.1/../../../../arm-none-eabi/lib/armv6-m\libcr_semihost.a(_cr__main.o)
                              ./example/src/cr_startup_lpc8xx.o (__main)
c:/nxp/lpcxpresso_8.1.4_606/lpcxpresso/tools/bin/../lib/gcc/arm-none-eabi/5.2.1/../../../../arm-none-eabi/lib/armv6-m\libcr_c.a(memcpy.o)
                              C:\Users\ciokb\Documents\LPCXpresso_8.1.4_606\workspace\lpc_chip_8xx\Debug\liblpc_chip_8xx.a(ring_buffer.o) (memcpy)
c:/nxp/lpcxpresso_8.1.4_606/lpcxpresso/tools/bin/../lib/gcc/arm-none-eabi/5.2.1/../../../../arm-none-eabi/lib/armv6-m\libcr_c.a(memset.o)
                              ./example/src/periph_i2c_rom_interrupt.o (memset)
c:/nxp/lpcxpresso_8.1.4_606/lpcxpresso/tools/bin/../lib/gcc/arm-none-eabi/5.2.1/../../../../arm-none-eabi/lib/armv6-m\libcr_c.a(fpprintf.o)
                              ./example/src/periph_i2c_rom_interrupt.o (printf)
c:/nxp/lpcxpresso_8.1.4_606/lpcxpresso/tools/bin/../lib/gcc/arm-none-eabi/5.2.1/../../../../arm-none-eabi/lib/armv6-m\libcr_c.a(initio.o)
                              c:/nxp/lpcxpresso_8.1.4_606/lpcxpresso/tools/bin/../lib/gcc/arm-none-eabi/5.2.1/../../../../arm-none-eabi/lib/armv6-m\libcr_semihost.a(_cr__main.o) (_initio)
c:/nxp/lpcxpresso_8.1.4_606/lpcxpresso/tools/bin/../lib/gcc/arm-none-eabi/5.2.1/../../../../arm-none-eabi/lib/armv6-m\libcr_c.a(printf.o)
                              c:/nxp/lpcxpresso_8.1.4_606/lpcxpresso/tools/bin/../lib/gcc/arm-none-eabi/5.2.1/../../../../arm-none-eabi/lib/armv6-m\libcr_c.a(fpprintf.o) (__vfprintf)
c:/nxp/lpcxpresso_8.1.4_606/lpcxpresso/tools/bin/../lib/gcc/arm-none-eabi/5.2.1/../../../../arm-none-eabi/lib/armv6-m\libcr_c.a(setvbuf.o)
                              c:/nxp/lpcxpresso_8.1.4_606/lpcxpresso/tools/bin/../lib/gcc/arm-none-eabi/5.2.1/../../../../arm-none-eabi/lib/armv6-m\libcr_c.a(initio.o) (setvbuf)
[...]
Memory Configuration

Name             Origin             Length             Attributes
MFlash16         0x00000000         0x00004000         xr
RamLoc4          0x10000000         0x00001000         xrw
*default*        0x00000000         0xffffffff

Linker script and memory map

LOAD ./example/src/cr_startup_lpc8xx.o
LOAD ./example/src/crp.o
LOAD ./example/src/mtb.o
LOAD ./example/src/periph_i2c_rom_interrupt.o
LOAD ./example/src/sysinit.o
LOAD C:\Users\ciokb\Documents\LPCXpresso_8.1.4_606\workspace\lpc_board_nxp_lpcxpresso_812\Debug\liblpc_board_nxp_lpcxpresso_812.a
LOAD C:\Users\ciokb\Documents\LPCXpresso_8.1.4_606\workspace\lpc_chip_8xx\Debug\liblpc_chip_8xx.a
START GROUP
LOAD c:/nxp/lpcxpresso_8.1.4_606/lpcxpresso/tools/bin/../lib/gcc/arm-none-eabi/5.2.1/../../../../arm-none-eabi/lib/armv6-m\libcr_semihost.a
LOAD c:/nxp/lpcxpresso_8.1.4_606/lpcxpresso/tools/bin/../lib/gcc/arm-none-eabi/5.2.1/../../../../arm-none-eabi/lib/armv6-m\libcr_c.a
LOAD c:/nxp/lpcxpresso_8.1.4_606/lpcxpresso/tools/bin/../lib/gcc/arm-none-eabi/5.2.1/armv6-m\libcr_eabihelpers.a
END GROUP
                0x00000000                __base_MFlash16 = 0x0
                0x00000000                __base_Flash = 0x0
                0x00004000                __top_MFlash16 = 0x4000
                0x00004000                __top_Flash = 0x4000
                0x10000000                __base_RamLoc4 = 0x10000000
                0x10000000                __base_RAM = 0x10000000
                0x10001000                __top_RamLoc4 = 0x10001000
                0x10001000                __top_RAM = 0x10001000

.text           0x00000000     0x3e48
 FILL mask 0xff
                0x00000000                __vectors_start__ = ABSOLUTE (.)
 *(.isr_vector)
 .isr_vector    0x00000000       0xc0 ./example/src/cr_startup_lpc8xx.o
                0x00000000                g_pfnVectors
                0x000000c0                . = ALIGN (0x4)
                0x000000c0                __section_table_start = .
                0x000000c0                __data_section_table = .
                0x000000c0        0x4 LONG 0x3e48 LOADADDR (.data)
                0x000000c4        0x4 LONG 0x10000080 ADDR (.data)
                0x000000c8        0x4 LONG 0x30 SIZEOF (.data)
                0x000000cc                __data_section_table_end = .
                0x000000cc                __bss_section_table = .
                0x000000cc        0x4 LONG 0x100000b0 ADDR (.bss)
                0x000000d0        0x4 LONG 0x1f0 SIZEOF (.bss)
                0x000000d4                __bss_section_table_end = .
                0x000000d4                __section_table_end = .
 *(.after_vectors*)
 .after_vectors
                0x000000d4      0x124 ./example/src/cr_startup_lpc8xx.o
                0x000000d4                data_init
                0x00000114                bss_init
                0x00000148                ResetISR
                0x000001c8                NMI_Handler
                0x000001d0                HardFault_Handler
                0x000001d8                SVC_Handler
                0x000001e0                PendSV_Handler
                0x000001f0                PININT1_IRQHandler
                0x000001f0                MRT_IRQHandler
                0x000001f0                UART1_IRQHandler
                0x000001f0                UART0_IRQHandler
                0x000001f0                PININT2_IRQHandler
                0x000001f0                WKT_IRQHandler
                0x000001f0                IntDefaultHandler
                0x000001f0                PININT7_IRQHandler
                0x000001f0                PININT3_IRQHandler
                0x000001f0                UART2_IRQHandler
                0x000001f0                PININT5_IRQHandler
                0x000001f0                PININT4_IRQHandler
                0x000001f0                PININT0_IRQHandler
                0x000001f0                BOD_IRQHandler
                0x000001f0                SCT_IRQHandler
                0x000001f0                WDT_IRQHandler
                0x000001f0                SPI1_IRQHandler
                0x000001f0                PININT6_IRQHandler
                0x000001f0                SPI0_IRQHandler
                0x000001f0                CMP_IRQHandler
                0x000002fc                . = 0x2fc
 *fill*         0x000001f8      0x104 ff
                0x000002fc                PROVIDE (__CRP_WORD_START__, .)
 *(.crp)
 .crp           0x000002fc        0x4 ./example/src/crp.o
                0x000002fc                CRP_WORD
                0x00000300                PROVIDE (__CRP_WORD_END__, .)
                0x00000001                ASSERT (! ((__CRP_WORD_START__ == __CRP_WORD_END__)), Linker CRP Enabled, but no CRP_WORD provided within application)
 *(.text*)
 .text.NVIC_EnableIRQ
                0x00000300       0x2c ./example/src/periph_i2c_rom_interrupt.o
 .text.NVIC_SetPriority
                0x0000032c       0xdc ./example/src/periph_i2c_rom_interrupt.o
 .text.SysTick_Config
                0x00000408       0x48 ./example/src/periph_i2c_rom_interrupt.o
 .text.Chip_Clock_EnablePeriphClock
                0x00000450       0x38 ./example/src/periph_i2c_rom_interrupt.o
 .text.Chip_Clock_DisablePeriphClock
                0x00000488       0x3c ./example/src/periph_i2c_rom_interrupt.o
 .text.Hex2Str  0x000004c4       0x60 ./example/src/periph_i2c_rom_interrupt.o
 .text.Print_Val
                0x00000524       0x54 ./example/src/periph_i2c_rom_interrupt.o
 .text.Init_I2C_PinMux
                0x00000578       0x28 ./example/src/periph_i2c_rom_interrupt.o
 .text.errorI2C
                0x000005a0       0x10 ./example/src/periph_i2c_rom_interrupt.o
 .text.setupI2CMaster
                0x000005b0       0x80 ./example/src/periph_i2c_rom_interrupt.o
 .text.cbI2CComplete
                0x00000630       0x1c ./example/src/periph_i2c_rom_interrupt.o
 .text.sendI2CMaster
                0x0000064c      0x104 ./example/src/periph_i2c_rom_interrupt.o
 .text.sendI2CMaster_Expander
                0x00000750      0x130 ./example/src/periph_i2c_rom_interrupt.o
 .text.showNumberOnDisplay
                0x00000880       0x58 ./example/src/periph_i2c_rom_interrupt.o
 .text.showNumber
                0x000008d8       0x68 ./example/src/periph_i2c_rom_interrupt.o
 .text.readI2CMaster
                0x00000940       0xf8 ./example/src/periph_i2c_rom_interrupt.o
 .text.I2C_IRQHandler
                0x00000a38       0x24 ./example/src/periph_i2c_rom_interrupt.o
                0x00000a38                I2C_IRQHandler
 .text.SysTick_Handler
                0x00000a5c       0x3c ./example/src/periph_i2c_rom_interrupt.o
                0x00000a5c                SysTick_Handler
 .text.main     0x00000a98       0xfc ./example/src/periph_i2c_rom_interrupt.o
                0x00000a98                main
 .text.SystemInit
                0x00000b94       0x10 ./example/src/sysinit.o
                0x00000b94                SystemInit
 .text.Board_LED_Set
                0x00000ba4       0x18 C:\Users\ciokb\Documents\LPCXpresso_8.1.4_606\workspace\lpc_board_nxp_lpcxpresso_812\Debug\liblpc_board_nxp_lpcxpresso_812.a(board.o)
                0x00000ba4                Board_LED_Set
 .text.Board_UARTPutChar
                0x00000bbc       0x18 C:\Users\ciokb\Documents\LPCXpresso_8.1.4_606\workspace\lpc_board_nxp_lpcxpresso_812\Debug\liblpc_board_nxp_lpcxpresso_812.a(board.o)
                0x00000bbc                Board_UARTPutChar
 .text.Board_UARTPutSTR
                0x00000bd4       0x14 C:\Users\ciokb\Documents\LPCXpresso_8.1.4_606\workspace\lpc_board_nxp_lpcxpresso_812\Debug\liblpc_board_nxp_lpcxpresso_812.a(board.o)
                0x00000bd4                Board_UARTPutSTR
 .text.Board_Init
                0x00000be8       0x36 C:\Users\ciokb\Documents\LPCXpresso_8.1.4_606\workspace\lpc_board_nxp_lpcxpresso_812\Debug\liblpc_board_nxp_lpcxpresso_812.a(board.o)
                0x00000be8                Board_Init
 *fill*         0x00000c1e        0x2 ff
 .text.Board_SetupMuxing
                0x00000c20       0x68 C:\Users\ciokb\Documents\LPCXpresso_8.1.4_606\workspace\lpc_board_nxp_lpcxpresso_812\Debug\liblpc_board_nxp_lpcxpresso_812.a(board_sysinit.o)
                0x00000c20                Board_SetupMuxing
 .text.Board_SetupClocking
                0x00000c88       0x10 C:\Users\ciokb\Documents\LPCXpresso_8.1.4_606\workspace\lpc_board_nxp_lpcxpresso_812\Debug\liblpc_board_nxp_lpcxpresso_812.a(board_sysinit.o)
                0x00000c88                Board_SetupClocking
 .text.Board_SystemInit
                0x00000c98        0xc C:\Users\ciokb\Documents\LPCXpresso_8.1.4_606\workspace\lpc_board_nxp_lpcxpresso_812\Debug\liblpc_board_nxp_lpcxpresso_812.a(board_sysinit.o)
                0x00000c98                Board_SystemInit
 .text.SystemCoreClockUpdate
                0x00000ca4       0x10 C:\Users\ciokb\Documents\LPCXpresso_8.1.4_606\workspace\lpc_chip_8xx\Debug\liblpc_chip_8xx.a(chip_8xx.o)
                0x00000ca4                SystemCoreClockUpdate
 .text.Chip_Clock_SetSystemPLLSource
                0x00000cb4       0x14 C:\Users\ciokb\Documents\LPCXpresso_8.1.4_606\workspace\lpc_chip_8xx\Debug\liblpc_chip_8xx.a(clock_8xx.o)
                0x00000cb4                Chip_Clock_SetSystemPLLSource
 .text.Chip_Clock_SetMainClockSource
                0x00000cc8       0x14 C:\Users\ciokb\Documents\LPCXpresso_8.1.4_606\workspace\lpc_chip_8xx\Debug\liblpc_chip_8xx.a(clock_8xx.o)
                0x00000cc8                Chip_Clock_SetMainClockSource
 .text.Chip_Clock_SetCLKOUTSource
                0x00000cdc       0x1c C:\Users\ciokb\Documents\LPCXpresso_8.1.4_606\workspace\lpc_chip_8xx\Debug\liblpc_chip_8xx.a(clock_8xx.o)
                0x00000cdc                Chip_Clock_SetCLKOUTSource
 .text.Chip_Clock_GetWDTOSCRate
                0x00000cf8       0x28 C:\Users\ciokb\Documents\LPCXpresso_8.1.4_606\workspace\lpc_chip_8xx\Debug\liblpc_chip_8xx.a(clock_8xx.o)
                0x00000cf8                Chip_Clock_GetWDTOSCRate
 .text.Chip_Clock_GetSystemPLLInClockRate
                0x00000d20       0x34 C:\Users\ciokb\Documents\LPCXpresso_8.1.4_606\workspace\lpc_chip_8xx\Debug\liblpc_chip_8xx.a(clock_8xx.o)
                0x00000d20                Chip_Clock_GetSystemPLLInClockRate
 .text.Chip_Clock_GetSystemPLLOutClockRate
                0x00000d54       0x18 C:\Users\ciokb\Documents\LPCXpresso_8.1.4_606\workspace\lpc_chip_8xx\Debug\liblpc_chip_8xx.a(clock_8xx.o)
                0x00000d54                Chip_Clock_GetSystemPLLOutClockRate
 .text.Chip_Clock_GetMainClockRate
                0x00000d6c       0x34 C:\Users\ciokb\Documents\LPCXpresso_8.1.4_606\workspace\lpc_chip_8xx\Debug\liblpc_chip_8xx.a(clock_8xx.o)
                0x00000d6c                Chip_Clock_GetMainClockRate
 .text.Chip_Clock_GetSystemClockRate
                0x00000da0       0x18 C:\Users\ciokb\Documents\LPCXpresso_8.1.4_606\workspace\lpc_chip_8xx\Debug\liblpc_chip_8xx.a(clock_8xx.o)
                0x00000da0                Chip_Clock_GetSystemClockRate
 .text.Chip_GPIO_Init
                0x00000db8       0x14 C:\Users\ciokb\Documents\LPCXpresso_8.1.4_606\workspace\lpc_chip_8xx\Debug\liblpc_chip_8xx.a(gpio_8xx.o)
                0x00000db8                Chip_GPIO_Init
 .text.Chip_I2C_Init
                0x00000dcc       0x78 C:\Users\ciokb\Documents\LPCXpresso_8.1.4_606\workspace\lpc_chip_8xx\Debug\liblpc_chip_8xx.a(i2c_common_8xx.o)
                0x00000dcc                Chip_I2C_Init
 .text.Chip_SWM_MovablePinAssign
                0x00000e44       0x24 C:\Users\ciokb\Documents\LPCXpresso_8.1.4_606\workspace\lpc_chip_8xx\Debug\liblpc_chip_8xx.a(swm_8xx.o)
                0x00000e44                Chip_SWM_MovablePinAssign
 .text.Chip_SetupIrcClocking
                0x00000e68       0x14 C:\Users\ciokb\Documents\LPCXpresso_8.1.4_606\workspace\lpc_chip_8xx\Debug\liblpc_chip_8xx.a(sysinit_8xx.o)
                0x00000e68                Chip_SetupIrcClocking
 .text.Chip_UART_Send
                0x00000e7c       0x1c C:\Users\ciokb\Documents\LPCXpresso_8.1.4_606\workspace\lpc_chip_8xx\Debug\liblpc_chip_8xx.a(uart_8xx.o)
                0x00000e7c                Chip_UART_Send
 .text.Chip_UART_SendBlocking
                0x00000e98       0x24 C:\Users\ciokb\Documents\LPCXpresso_8.1.4_606\workspace\lpc_chip_8xx\Debug\liblpc_chip_8xx.a(uart_8xx.o)
                0x00000e98                Chip_UART_SendBlocking
 .text.Chip_IRC_SetFreq
                0x00000ebc       0xbc C:\Users\ciokb\Documents\LPCXpresso_8.1.4_606\workspace\lpc_chip_8xx\Debug\liblpc_chip_8xx.a(irc_8xx.o)
                0x00000ebc                Chip_IRC_SetFreq
 .text.Chip_SYSCTL_PowerDown
                0x00000f78       0x24 C:\Users\ciokb\Documents\LPCXpresso_8.1.4_606\workspace\lpc_chip_8xx\Debug\liblpc_chip_8xx.a(syscon_8xx.o)
                0x00000f78                Chip_SYSCTL_PowerDown
 .text.Chip_SYSCTL_PowerUp
                0x00000f9c       0x28 C:\Users\ciokb\Documents\LPCXpresso_8.1.4_606\workspace\lpc_chip_8xx\Debug\liblpc_chip_8xx.a(syscon_8xx.o)
                0x00000f9c                Chip_SYSCTL_PowerUp
 .text.__main   0x00000fc4       0x12 c:/nxp/lpcxpresso_8.1.4_606/lpcxpresso/tools/bin/../lib/gcc/arm-none-eabi/5.2.1/../../../../arm-none-eabi/lib/armv6-m\libcr_semihost.a(_cr__main.o)
                0x00000fc4                __CR_SEMIHOST
                0x00000fc4                __main
 .text.memset   0x00000fd6        0x8 c:/nxp/lpcxpresso_8.1.4_606/lpcxpresso/tools/bin/../lib/gcc/arm-none-eabi/5.2.1/../../../../arm-none-eabi/lib/armv6-m\libcr_c.a(memset.o)
                0x00000fd6                memset
 .text.fp_round
                0x00000fde       0x4a c:/nxp/lpcxpresso_8.1.4_606/lpcxpresso/tools/bin/../lib/gcc/arm-none-eabi/5.2.1/../../../../arm-none-eabi/lib/armv6-m\libcr_c.a(fpprintf.o)
 .text.pr_dec.constprop.1
                0x00001028       0x2a c:/nxp/lpcxpresso_8.1.4_606/lpcxpresso/tools/bin/../lib/gcc/arm-none-eabi/5.2.1/../../../../arm-none-eabi/lib/armv6-m\libcr_c.a(fpprintf.o)
 *fill*         0x00001052        0x2 ff
 .text.sprintf  0x00001054       0x6c c:/nxp/lpcxpresso_8.1.4_606/lpcxpresso/tools/bin/../lib/gcc/arm-none-eabi/5.2.1/../../../../arm-none-eabi/lib/armv6-m\libcr_c.a(fpprintf.o)
                0x00001054                sprintf
 .text.fp_display
                0x000010c0      0x93c c:/nxp/lpcxpresso_8.1.4_606/lpcxpresso/tools/bin/../lib/gcc/arm-none-eabi/5.2.1/../../../../arm-none-eabi/lib/armv6-m\libcr_c.a(fpprintf.o)
 .text.vsnprintf
                0x000019fc       0x60 c:/nxp/lpcxpresso_8.1.4_606/lpcxpresso/tools/bin/../lib/gcc/arm-none-eabi/5.2.1/../../../../arm-none-eabi/lib/armv6-m\libcr_c.a(fpprintf.o)
                0x000019fc                vsnprintf
 .text.printf   0x00001a5c       0x50 c:/nxp/lpcxpresso_8.1.4_606/lpcxpresso/tools/bin/../lib/gcc/arm-none-eabi/5.2.1/../../../../arm-none-eabi/lib/armv6-m\libcr_c.a(fpprintf.o)
                0x00001a5c                printf
 .text._initio  0x00001aac       0xa8 c:/nxp/lpcxpresso_8.1.4_606/lpcxpresso/tools/bin/../lib/gcc/arm-none-eabi/5.2.1/../../../../arm-none-eabi/lib/armv6-m\libcr_c.a(initio.o)
                0x00001aac                _initio
 .text.__vfprintf
                0x00001b54      0xd5c c:/nxp/lpcxpresso_8.1.4_606/lpcxpresso/tools/bin/../lib/gcc/arm-none-eabi/5.2.1/../../../../arm-none-eabi/lib/armv6-m\libcr_c.a(printf.o)
                0x00001b54                __vfprintf
 .text.setvbuf  0x000028b0       0x48 c:/nxp/lpcxpresso_8.1.4_606/lpcxpresso/tools/bin/../lib/gcc/arm-none-eabi/5.2.1/../../../../arm-none-eabi/lib/armv6-m\libcr_c.a(setvbuf.o)
                0x000028b0                setvbuf
 .text.strlen   0x000028f8       0x54 c:/nxp/lpcxpresso_8.1.4_606/lpcxpresso/tools/bin/../lib/gcc/arm-none-eabi/5.2.1/../../../../arm-none-eabi/lib/armv6-m\libcr_c.a(strlen.o)
                0x000028f8                strlen
 .text._deferredlazyseek
                0x0000294c       0x44 c:/nxp/lpcxpresso_8.1.4_606/lpcxpresso/tools/bin/../lib/gcc/arm-none-eabi/5.2.1/../../../../arm-none-eabi/lib/armv6-m\libcr_c.a(_deferredlazyseek.o)
                0x0000294c                _deferredlazyseek
 .text.__flsbuf
                0x00002990      0x150 c:/nxp/lpcxpresso_8.1.4_606/lpcxpresso/tools/bin/../lib/gcc/arm-none-eabi/5.2.1/../../../../arm-none-eabi/lib/armv6-m\libcr_c.a(_deferredlazyseek.o)
                0x00002990                __flsbuf
 .text._fdopen  0x00002ae0       0x74 c:/nxp/lpcxpresso_8.1.4_606/lpcxpresso/tools/bin/../lib/gcc/arm-none-eabi/5.2.1/../../../../arm-none-eabi/lib/armv6-m\libcr_c.a(_fdopen.o)
                0x00002ae0                _fdopen
 .text._fflush  0x00002b54       0x64 c:/nxp/lpcxpresso_8.1.4_606/lpcxpresso/tools/bin/../lib/gcc/arm-none-eabi/5.2.1/../../../../arm-none-eabi/lib/armv6-m\libcr_c.a(_fflush.o)
                0x00002b54                _fflush
 .text._frexpl  0x00002bb8       0x80 c:/nxp/lpcxpresso_8.1.4_606/lpcxpresso/tools/bin/../lib/gcc/arm-none-eabi/5.2.1/../../../../arm-none-eabi/lib/armv6-m\libcr_c.a(_frexpl.o)
                0x00002bb8                _frexpl
 .text._ldexpl  0x00002c38       0x58 c:/nxp/lpcxpresso_8.1.4_606/lpcxpresso/tools/bin/../lib/gcc/arm-none-eabi/5.2.1/../../../../arm-none-eabi/lib/armv6-m\libcr_c.a(_ldexpl.o)
                0x00002c38                _ldexpl
 .text._Cwritebuf
                0x00002c90       0x6c c:/nxp/lpcxpresso_8.1.4_606/lpcxpresso/tools/bin/../lib/gcc/arm-none-eabi/5.2.1/../../../../arm-none-eabi/lib/armv6-m\libcr_c.a(_writebuf.o)
                0x00002c90                _Cwritebuf
 .text.malloc   0x00002cfc       0xcc c:/nxp/lpcxpresso_8.1.4_606/lpcxpresso/tools/bin/../lib/gcc/arm-none-eabi/5.2.1/../../../../arm-none-eabi/lib/armv6-m\libcr_c.a(alloc.o)
                0x00002cfc                malloc
 .text.free     0x00002dc8       0x2e c:/nxp/lpcxpresso_8.1.4_606/lpcxpresso/tools/bin/../lib/gcc/arm-none-eabi/5.2.1/../../../../arm-none-eabi/lib/armv6-m\libcr_c.a(alloc.o)
                0x00002dc8                free
 *fill*         0x00002df6        0x2 ff
 .text._Csys_alloc
                0x00002df8       0x20 c:/nxp/lpcxpresso_8.1.4_606/lpcxpresso/tools/bin/../lib/gcc/arm-none-eabi/5.2.1/../../../../arm-none-eabi/lib/armv6-m\libcr_c.a(alloc.o)
                0x00002df8                _Csys_alloc
 .text.fclose   0x00002e18       0x70 c:/nxp/lpcxpresso_8.1.4_606/lpcxpresso/tools/bin/../lib/gcc/arm-none-eabi/5.2.1/../../../../arm-none-eabi/lib/armv6-m\libcr_c.a(fclose.o)
                0x00002e18                fclose
 .text.fflush   0x00002e88       0x34 c:/nxp/lpcxpresso_8.1.4_606/lpcxpresso/tools/bin/../lib/gcc/arm-none-eabi/5.2.1/../../../../arm-none-eabi/lib/armv6-m\libcr_c.a(fflush.o)
                0x00002e88                fflush
 .text.fseek    0x00002ebc      0x100 c:/nxp/lpcxpresso_8.1.4_606/lpcxpresso/tools/bin/../lib/gcc/arm-none-eabi/5.2.1/../../../../arm-none-eabi/lib/armv6-m\libcr_c.a(fseek.o)
                0x00002ebc                fseek
 .text.ftell    0x00002fbc       0x4c c:/nxp/lpcxpresso_8.1.4_606/lpcxpresso/tools/bin/../lib/gcc/arm-none-eabi/5.2.1/../../../../arm-none-eabi/lib/armv6-m\libcr_c.a(ftell.o)
                0x00002fbc                ftell
 .text.remove   0x00003008       0x12 c:/nxp/lpcxpresso_8.1.4_606/lpcxpresso/tools/bin/../lib/gcc/arm-none-eabi/5.2.1/../../../../arm-none-eabi/lib/armv6-m\libcr_c.a(remove.o)
                0x00003008                remove
 *fill*         0x0000301a        0x2 ff
 .text._sbrk    0x0000301c       0x40 c:/nxp/lpcxpresso_8.1.4_606/lpcxpresso/tools/bin/../lib/gcc/arm-none-eabi/5.2.1/../../../../arm-none-eabi/lib/armv6-m\libcr_c.a(_cr_sbrk.o)
                0x0000301c                _sbrk
 .text._do_fflush
                0x0000305c       0x48 c:/nxp/lpcxpresso_8.1.4_606/lpcxpresso/tools/bin/../lib/gcc/arm-none-eabi/5.2.1/../../../../arm-none-eabi/lib/armv6-m\libcr_c.a(_do_fflush.o)
                0x0000305c                _do_fflush
 .text.__check_heap_overflow
                0x000030a4       0x14 c:/nxp/lpcxpresso_8.1.4_606/lpcxpresso/tools/bin/../lib/gcc/arm-none-eabi/5.2.1/../../../../arm-none-eabi/lib/armv6-m\libcr_c.a(_cr_check_heap.o)
                0x000030a4                __check_heap_overflow
 .text.__aeabi_division_idivmod
                0x000030b8       0x78 c:/nxp/lpcxpresso_8.1.4_606/lpcxpresso/tools/bin/../lib/gcc/arm-none-eabi/5.2.1/armv6-m\libcr_eabihelpers.a(division_32.o)
                0x000030b8                __aeabi_idivmod
                0x000030b8                __aeabi_idiv
                0x000030be                __aeabi_uidivmod
                0x000030be                __aeabi_uidiv
 .text.__aeabi_division_idiv0
                0x00003130        0x2 c:/nxp/lpcxpresso_8.1.4_606/lpcxpresso/tools/bin/../lib/gcc/arm-none-eabi/5.2.1/armv6-m\libcr_eabihelpers.a(division_idiv0.o)
                0x00003130                __aeabi_idiv0
 *fill*         0x00003132        0x2 ff
 .text.__aeabi_dmul
                0x00003134      0x17c c:/nxp/lpcxpresso_8.1.4_606/lpcxpresso/tools/bin/../lib/gcc/arm-none-eabi/5.2.1/armv6-m\libcr_eabihelpers.a(double.o)
                0x00003134                __aeabi_dmul
 .text.__aeabi_ddiv
                0x000032b0      0x14c c:/nxp/lpcxpresso_8.1.4_606/lpcxpresso/tools/bin/../lib/gcc/arm-none-eabi/5.2.1/armv6-m\libcr_eabihelpers.a(double.o)
                0x000032b0                __aeabi_ddiv
 .text.__aeabi_dsub
                0x000033fc      0x1c8 c:/nxp/lpcxpresso_8.1.4_606/lpcxpresso/tools/bin/../lib/gcc/arm-none-eabi/5.2.1/armv6-m\libcr_eabihelpers.a(double.o)
                0x000033fc                __aeabi_dsub
 .text.__aeabi_dadd
                0x000035c4      0x130 c:/nxp/lpcxpresso_8.1.4_606/lpcxpresso/tools/bin/../lib/gcc/arm-none-eabi/5.2.1/armv6-m\libcr_eabihelpers.a(double.o)
                0x000035c4                __aeabi_dadd
 .text.__aeabi_d2iz
                0x000036f4       0x44 c:/nxp/lpcxpresso_8.1.4_606/lpcxpresso/tools/bin/../lib/gcc/arm-none-eabi/5.2.1/armv6-m\libcr_eabihelpers.a(double.o)
                0x000036f4                __aeabi_d2iz
 .text.__bhs_ui2d
                0x00003738       0x5e c:/nxp/lpcxpresso_8.1.4_606/lpcxpresso/tools/bin/../lib/gcc/arm-none-eabi/5.2.1/armv6-m\libcr_eabihelpers.a(double.o)
                0x00003738                __bhs_ui2d
 .text.__aeabi_i2d
                0x00003796       0x16 c:/nxp/lpcxpresso_8.1.4_606/lpcxpresso/tools/bin/../lib/gcc/arm-none-eabi/5.2.1/armv6-m\libcr_eabihelpers.a(double.o)
                0x00003796                __aeabi_i2d
 .text.__aeabi_dcmpeq
                0x000037ac       0x30 c:/nxp/lpcxpresso_8.1.4_606/lpcxpresso/tools/bin/../lib/gcc/arm-none-eabi/5.2.1/armv6-m\libcr_eabihelpers.a(double.o)
                0x000037ac                __aeabi_dcmpeq
 .text.__aeabi_dcmplt
                0x000037dc       0x5c c:/nxp/lpcxpresso_8.1.4_606/lpcxpresso/tools/bin/../lib/gcc/arm-none-eabi/5.2.1/armv6-m\libcr_eabihelpers.a(double.o)
                0x000037dc                __aeabi_dcmplt
 .text.__aeabi_dcmple
                0x00003838       0x5c c:/nxp/lpcxpresso_8.1.4_606/lpcxpresso/tools/bin/../lib/gcc/arm-none-eabi/5.2.1/armv6-m\libcr_eabihelpers.a(double.o)
                0x00003838                __aeabi_dcmple
 .text.__aeabi_dcmpge
                0x00003894       0x60 c:/nxp/lpcxpresso_8.1.4_606/lpcxpresso/tools/bin/../lib/gcc/arm-none-eabi/5.2.1/armv6-m\libcr_eabihelpers.a(double.o)
                0x00003894                __aeabi_dcmpge
 .text.__aeabi_llong_lmul
                0x000038f4       0x2e c:/nxp/lpcxpresso_8.1.4_606/lpcxpresso/tools/bin/../lib/gcc/arm-none-eabi/5.2.1/armv6-m\libcr_eabihelpers.a(llong.o)
                0x000038f4                __aeabi_lmul
 .text.__aeabi_memset_lowlevel
                0x00003922       0x2a c:/nxp/lpcxpresso_8.1.4_606/lpcxpresso/tools/bin/../lib/gcc/arm-none-eabi/5.2.1/armv6-m\libcr_eabihelpers.a(memcpy.o)
                0x00003922                __aeabi_lowlevel_memset
 .text.__sys_appexit
                0x0000394c        0xc c:/nxp/lpcxpresso_8.1.4_606/lpcxpresso/tools/bin/../lib/gcc/arm-none-eabi/5.2.1/../../../../arm-none-eabi/lib/armv6-m\libcr_semihost.a(__sys_appexit.o)
                0x0000394c                __sys_appexit
                0x0000394c                __exit
 .text.__sys_close
                0x00003958        0xc c:/nxp/lpcxpresso_8.1.4_606/lpcxpresso/tools/bin/../lib/gcc/arm-none-eabi/5.2.1/../../../../arm-none-eabi/lib/armv6-m\libcr_semihost.a(__sys_close.o)
                0x00003958                __sys_close
 .text.__sys_flen
                0x00003964        0xc c:/nxp/lpcxpresso_8.1.4_606/lpcxpresso/tools/bin/../lib/gcc/arm-none-eabi/5.2.1/../../../../arm-none-eabi/lib/armv6-m\libcr_semihost.a(__sys_flen.o)
                0x00003964                __sys_flen
 .text.__sys_istty
                0x00003970        0xc c:/nxp/lpcxpresso_8.1.4_606/lpcxpresso/tools/bin/../lib/gcc/arm-none-eabi/5.2.1/../../../../arm-none-eabi/lib/armv6-m\libcr_semihost.a(__sys_istty.o)
                0x00003970                __sys_istty
 .text.__sys_remove
                0x0000397c        0xc c:/nxp/lpcxpresso_8.1.4_606/lpcxpresso/tools/bin/../lib/gcc/arm-none-eabi/5.2.1/../../../../arm-none-eabi/lib/armv6-m\libcr_semihost.a(__sys_remove.o)
                0x0000397c                __sys_remove
 .text.__sys_seek
                0x00003988        0xc c:/nxp/lpcxpresso_8.1.4_606/lpcxpresso/tools/bin/../lib/gcc/arm-none-eabi/5.2.1/../../../../arm-none-eabi/lib/armv6-m\libcr_semihost.a(__sys_seek.o)
                0x00003988                __sys_seek
 .text.__sys_tmpnam
                0x00003994        0xc c:/nxp/lpcxpresso_8.1.4_606/lpcxpresso/tools/bin/../lib/gcc/arm-none-eabi/5.2.1/../../../../arm-none-eabi/lib/armv6-m\libcr_semihost.a(__sys_tmpnam.o)
                0x00003994                __sys_tmpnam
 .text.__sys_write
                0x000039a0        0xc c:/nxp/lpcxpresso_8.1.4_606/lpcxpresso/tools/bin/../lib/gcc/arm-none-eabi/5.2.1/../../../../arm-none-eabi/lib/armv6-m\libcr_semihost.a(__sys_write.o)
                0x000039a0                __sys_write
                0x000039a0                __write
 *(.rodata .rodata.* .constdata .constdata.*)
 .rodata        0x000039ac       0x6b ./example/src/periph_i2c_rom_interrupt.o
 *fill*         0x00003a17        0x1 ff
 .rodata.OscRateIn
                0x00003a18        0x4 C:\Users\ciokb\Documents\LPCXpresso_8.1.4_606\workspace\lpc_board_nxp_lpcxpresso_812\Debug\liblpc_board_nxp_lpcxpresso_812.a(board.o)
                0x00003a18                OscRateIn
 .rodata.ExtRateIn
                0x00003a1c        0x4 C:\Users\ciokb\Documents\LPCXpresso_8.1.4_606\workspace\lpc_board_nxp_lpcxpresso_812\Debug\liblpc_board_nxp_lpcxpresso_812.a(board.o)
                0x00003a1c                ExtRateIn
 .rodata.ledBits
                0x00003a20        0x3 C:\Users\ciokb\Documents\LPCXpresso_8.1.4_606\workspace\lpc_board_nxp_lpcxpresso_812\Debug\liblpc_board_nxp_lpcxpresso_812.a(board.o)
 *fill*         0x00003a23        0x1 ff
 .rodata.wdtOSCRate
                0x00003a24       0x40 C:\Users\ciokb\Documents\LPCXpresso_8.1.4_606\workspace\lpc_chip_8xx\Debug\liblpc_chip_8xx.a(clock_8xx.o)
 .rodata.config_tab
                0x00003a64      0x354 C:\Users\ciokb\Documents\LPCXpresso_8.1.4_606\workspace\lpc_chip_8xx\Debug\liblpc_chip_8xx.a(irc_8xx.o)
 .rodata.str1.1
                0x00003db8       0x34 c:/nxp/lpcxpresso_8.1.4_606/lpcxpresso/tools/bin/../lib/gcc/arm-none-eabi/5.2.1/../../../../arm-none-eabi/lib/armv6-m\libcr_c.a(fpprintf.o)
                                 0x35 (size before relaxing)
 .rodata.str1.1
                0x00003dec        0x4 c:/nxp/lpcxpresso_8.1.4_606/lpcxpresso/tools/bin/../lib/gcc/arm-none-eabi/5.2.1/../../../../arm-none-eabi/lib/armv6-m\libcr_c.a(initio.o)
 .rodata.str1.1
                0x00003df0       0x31 c:/nxp/lpcxpresso_8.1.4_606/lpcxpresso/tools/bin/../lib/gcc/arm-none-eabi/5.2.1/../../../../arm-none-eabi/lib/armv6-m\libcr_c.a(printf.o)
                                 0x38 (size before relaxing)
 .rodata.str1.1
                0x00003e21       0x18 c:/nxp/lpcxpresso_8.1.4_606/lpcxpresso/tools/bin/../lib/gcc/arm-none-eabi/5.2.1/../../../../arm-none-eabi/lib/armv6-m\libcr_c.a(alloc.o)
 *fill*         0x00003e39        0x7 ff
 .rodata.__huge_vall
                0x00003e40        0x8 c:/nxp/lpcxpresso_8.1.4_606/lpcxpresso/tools/bin/../lib/gcc/arm-none-eabi/5.2.1/../../../../arm-none-eabi/lib/armv6-m\libcr_c.a(_hugeval.o)
                0x00003e40                __huge_vall
                0x00003e48                . = ALIGN (0x4)

.glue_7         0x00003e48        0x0
 .glue_7        0x00003e48        0x0 linker stubs

.glue_7t        0x00003e48        0x0
 .glue_7t       0x00003e48        0x0 linker stubs

.vfp11_veneer   0x00003e48        0x0
 .vfp11_veneer  0x00003e48        0x0 linker stubs

.v4_bx          0x00003e48        0x0
 .v4_bx         0x00003e48        0x0 linker stubs

.iplt           0x00003e48        0x0
 .iplt          0x00003e48        0x0 ./example/src/cr_startup_lpc8xx.o

.rel.dyn        0x00003e48        0x0
 .rel.iplt      0x00003e48        0x0 ./example/src/cr_startup_lpc8xx.o

.ARM.extab
 *(.ARM.extab* .gnu.linkonce.armextab.*)
                0x00003e48                __exidx_start = .

.ARM.exidx
 *(.ARM.exidx* .gnu.linkonce.armexidx.*)
                0x00003e48                __exidx_end = .
                0x00003e48                _etext = .

.mtb_buffer_default
                0x10000000       0x80
 *(.mtb*)
 .mtb.$RAM1     0x10000000       0x80 ./example/src/mtb.o
                0x10000000                __mtb_buffer__

.uninit_RESERVED
                0x10000080        0x0
 *(.bss.$RESERVED*)
                0x10000080                . = ALIGN (0x4)
                0x10000080                _end_uninit_RESERVED = .

.data           0x10000080       0x30 load address 0x00003e48
 FILL mask 0xff
                0x10000080                _data = .
 *(vtable)
 *(.ramfunc*)
 *(.data*)
 .data.ledValues
                0x10000080       0x2c ./example/src/periph_i2c_rom_interrupt.o
 .data.displays
                0x100000ac        0x4 ./example/src/periph_i2c_rom_interrupt.o
                0x100000b0                . = ALIGN (0x4)
                0x100000b0                _edata = .

.igot.plt       0x100000b0        0x0 load address 0x00003e78
 .igot.plt      0x100000b0        0x0 ./example/src/cr_startup_lpc8xx.o

.bss            0x100000b0      0x1f0 load address 0x00003e78
                0x100000b0                _bss = .
 *(.bss*)
 .bss.i2cHandleMaster
                0x100000b0        0x4 ./example/src/periph_i2c_rom_interrupt.o
 .bss.i2cMasterHandleMEM
                0x100000b4       0x80 ./example/src/periph_i2c_rom_interrupt.o
 .bss.state     0x10000134        0x4 ./example/src/periph_i2c_rom_interrupt.o
 .bss.ledValue  0x10000138        0x4 ./example/src/periph_i2c_rom_interrupt.o
 .bss.displayNumber
                0x1000013c        0x1 ./example/src/periph_i2c_rom_interrupt.o
 .bss.ledState  0x1000013d        0x1 ./example/src/periph_i2c_rom_interrupt.o
 *fill*         0x1000013e        0x2 
 .bss.intErrCode
                0x10000140        0x4 ./example/src/periph_i2c_rom_interrupt.o
 .bss.ticks.6751
                0x10000144        0x4 ./example/src/periph_i2c_rom_interrupt.o
 .bss.config_tab_idx
                0x10000148        0x2 C:\Users\ciokb\Documents\LPCXpresso_8.1.4_606\workspace\lpc_chip_8xx\Debug\liblpc_chip_8xx.a(irc_8xx.o)
 *fill*         0x1000014a        0x2 
 .bss._extra    0x1000014c        0x4 c:/nxp/lpcxpresso_8.1.4_606/lpcxpresso/tools/bin/../lib/gcc/arm-none-eabi/5.2.1/../../../../arm-none-eabi/lib/armv6-m\libcr_c.a(initio.o)
                0x1000014c                _extra
 .bss.__Ciob    0x10000150      0x140 c:/nxp/lpcxpresso_8.1.4_606/lpcxpresso/tools/bin/../lib/gcc/arm-none-eabi/5.2.1/../../../../arm-none-eabi/lib/armv6-m\libcr_c.a(stdio.o)
                0x10000150                __Ciob
 .bss.errno     0x10000290        0x4 c:/nxp/lpcxpresso_8.1.4_606/lpcxpresso/tools/bin/../lib/gcc/arm-none-eabi/5.2.1/../../../../arm-none-eabi/lib/armv6-m\libcr_c.a(errno.o)
                0x10000290                errno
 .bss.__heaps   0x10000294        0x4 c:/nxp/lpcxpresso_8.1.4_606/lpcxpresso/tools/bin/../lib/gcc/arm-none-eabi/5.2.1/../../../../arm-none-eabi/lib/armv6-m\libcr_c.a(__init_alloc.o)
                0x10000294                __heaps
 .bss.__end_of_heap
                0x10000298        0x4 c:/nxp/lpcxpresso_8.1.4_606/lpcxpresso/tools/bin/../lib/gcc/arm-none-eabi/5.2.1/../../../../arm-none-eabi/lib/armv6-m\libcr_c.a(__init_alloc.o)
                0x10000298                __end_of_heap
 *(COMMON)
 COMMON         0x1000029c        0x4 C:\Users\ciokb\Documents\LPCXpresso_8.1.4_606\workspace\lpc_chip_8xx\Debug\liblpc_chip_8xx.a(chip_8xx.o)
                0x1000029c                SystemCoreClock
                0x100002a0                . = ALIGN (0x4)
                0x100002a0                _ebss = .
                [!provide]                PROVIDE (end, .)

.noinit         0x100002a0        0x0 load address 0x00003e78
                0x100002a0                _noinit = .
 *(.noinit*)
                0x100002a0                . = ALIGN (0x4)
                0x100002a0                _end_noinit = .
                0x100002a0                PROVIDE (_pvHeapStart, DEFINED (__user_heap_base)?__user_heap_base:.)
                0x10001000                PROVIDE (_vStackTop, DEFINED (__user_stack_top)?__user_stack_top:(__top_RamLoc4 - 0x0))
                [!provide]                PROVIDE (__valid_user_code_checksum, (0x0 - (((_vStackTop + (ResetISR + 0x1)) + (DEFINED (NMI_Handler)?NMI_Handler:M0_NMI_Handler + 0x1)) + (DEFINED (HardFault_Handler)?HardFault_Handler:M0_HardFault_Handler + 0x1))))
OUTPUT(periph_i2c_rom_interrupt.axf elf32-littlearm)

.debug_info     0x00000000     0x7859
 .debug_info    0x00000000      0x1fe ./example/src/cr_startup_lpc8xx.o
 .debug_info    0x000001fe       0x3f ./example/src/crp.o
 .debug_info    0x0000023d       0x51 ./example/src/mtb.o
 .debug_info    0x0000028e     0x16a1 ./example/src/periph_i2c_rom_interrupt.o
 .debug_info    0x0000192f       0xc3 ./example/src/sysinit.o
 .debug_info    0x000019f2      0xed8 C:\Users\ciokb\Documents\LPCXpresso_8.1.4_606\workspace\lpc_board_nxp_lpcxpresso_812\Debug\liblpc_board_nxp_lpcxpresso_812.a(board.o)
 .debug_info    0x000028ca      0x73f C:\Users\ciokb\Documents\LPCXpresso_8.1.4_606\workspace\lpc_board_nxp_lpcxpresso_812\Debug\liblpc_board_nxp_lpcxpresso_812.a(board_sysinit.o)
 .debug_info    0x00003009       0xe7 C:\Users\ciokb\Documents\LPCXpresso_8.1.4_606\workspace\lpc_chip_8xx\Debug\liblpc_chip_8xx.a(chip_8xx.o)
 .debug_info    0x000030f0      0xb76 C:\Users\ciokb\Documents\LPCXpresso_8.1.4_606\workspace\lpc_chip_8xx\Debug\liblpc_chip_8xx.a(clock_8xx.o)
 .debug_info    0x00003c66      0x678 C:\Users\ciokb\Documents\LPCXpresso_8.1.4_606\workspace\lpc_chip_8xx\Debug\liblpc_chip_8xx.a(gpio_8xx.o)
 .debug_info    0x000042de      0x84f C:\Users\ciokb\Documents\LPCXpresso_8.1.4_606\workspace\lpc_chip_8xx\Debug\liblpc_chip_8xx.a(i2c_common_8xx.o)
 .debug_info    0x00004b2d      0x35d C:\Users\ciokb\Documents\LPCXpresso_8.1.4_606\workspace\lpc_chip_8xx\Debug\liblpc_chip_8xx.a(swm_8xx.o)
 .debug_info    0x00004e8a      0x6f4 C:\Users\ciokb\Documents\LPCXpresso_8.1.4_606\workspace\lpc_chip_8xx\Debug\liblpc_chip_8xx.a(sysinit_8xx.o)
 .debug_info    0x0000557e      0xef3 C:\Users\ciokb\Documents\LPCXpresso_8.1.4_606\workspace\lpc_chip_8xx\Debug\liblpc_chip_8xx.a(uart_8xx.o)
 .debug_info    0x00006471      0xf55 C:\Users\ciokb\Documents\LPCXpresso_8.1.4_606\workspace\lpc_chip_8xx\Debug\liblpc_chip_8xx.a(irc_8xx.o)
 .debug_info    0x000073c6      0x493 C:\Users\ciokb\Documents\LPCXpresso_8.1.4_606\workspace\lpc_chip_8xx\Debug\liblpc_chip_8xx.a(syscon_8xx.o)

.debug_abbrev   0x00000000     0x19ee
 .debug_abbrev  0x00000000       0xe6 ./example/src/cr_startup_lpc8xx.o
 .debug_abbrev  0x000000e6       0x36 ./example/src/crp.o
 .debug_abbrev  0x0000011c       0x41 ./example/src/mtb.o
 .debug_abbrev  0x0000015d      0x349 ./example/src/periph_i2c_rom_interrupt.o
 .debug_abbrev  0x000004a6       0x6a ./example/src/sysinit.o
 .debug_abbrev  0x00000510      0x2d3 C:\Users\ciokb\Documents\LPCXpresso_8.1.4_606\workspace\lpc_board_nxp_lpcxpresso_812\Debug\liblpc_board_nxp_lpcxpresso_812.a(board.o)
 .debug_abbrev  0x000007e3      0x162 C:\Users\ciokb\Documents\LPCXpresso_8.1.4_606\workspace\lpc_board_nxp_lpcxpresso_812\Debug\liblpc_board_nxp_lpcxpresso_812.a(board_sysinit.o)
 .debug_abbrev  0x00000945       0x99 C:\Users\ciokb\Documents\LPCXpresso_8.1.4_606\workspace\lpc_chip_8xx\Debug\liblpc_chip_8xx.a(chip_8xx.o)
 .debug_abbrev  0x000009de      0x33f C:\Users\ciokb\Documents\LPCXpresso_8.1.4_606\workspace\lpc_chip_8xx\Debug\liblpc_chip_8xx.a(clock_8xx.o)
 .debug_abbrev  0x00000d1d      0x136 C:\Users\ciokb\Documents\LPCXpresso_8.1.4_606\workspace\lpc_chip_8xx\Debug\liblpc_chip_8xx.a(gpio_8xx.o)
 .debug_abbrev  0x00000e53      0x1ff C:\Users\ciokb\Documents\LPCXpresso_8.1.4_606\workspace\lpc_chip_8xx\Debug\liblpc_chip_8xx.a(i2c_common_8xx.o)
 .debug_abbrev  0x00001052      0x15a C:\Users\ciokb\Documents\LPCXpresso_8.1.4_606\workspace\lpc_chip_8xx\Debug\liblpc_chip_8xx.a(swm_8xx.o)
 .debug_abbrev  0x000011ac      0x1b9 C:\Users\ciokb\Documents\LPCXpresso_8.1.4_606\workspace\lpc_chip_8xx\Debug\liblpc_chip_8xx.a(sysinit_8xx.o)
 .debug_abbrev  0x00001365      0x2fa C:\Users\ciokb\Documents\LPCXpresso_8.1.4_606\workspace\lpc_chip_8xx\Debug\liblpc_chip_8xx.a(uart_8xx.o)
 .debug_abbrev  0x0000165f      0x2b2 C:\Users\ciokb\Documents\LPCXpresso_8.1.4_606\workspace\lpc_chip_8xx\Debug\liblpc_chip_8xx.a(irc_8xx.o)
 .debug_abbrev  0x00001911       0xdd C:\Users\ciokb\Documents\LPCXpresso_8.1.4_606\workspace\lpc_chip_8xx\Debug\liblpc_chip_8xx.a(syscon_8xx.o)

.debug_aranges  0x00000000      0x418
 .debug_aranges
                0x00000000       0x60 ./example/src/cr_startup_lpc8xx.o
 .debug_aranges
                0x00000060       0x18 ./example/src/crp.o
 .debug_aranges
                0x00000078       0x18 ./example/src/mtb.o
 .debug_aranges
                0x00000090       0xb0 ./example/src/periph_i2c_rom_interrupt.o
 .debug_aranges
                0x00000140       0x20 ./example/src/sysinit.o
 .debug_aranges
                0x00000160       0x60 C:\Users\ciokb\Documents\LPCXpresso_8.1.4_606\workspace\lpc_board_nxp_lpcxpresso_812\Debug\liblpc_board_nxp_lpcxpresso_812.a(board.o)
 .debug_aranges
                0x000001c0       0x30 C:\Users\ciokb\Documents\LPCXpresso_8.1.4_606\workspace\lpc_board_nxp_lpcxpresso_812\Debug\liblpc_board_nxp_lpcxpresso_812.a(board_sysinit.o)
 .debug_aranges
                0x000001f0       0x20 C:\Users\ciokb\Documents\LPCXpresso_8.1.4_606\workspace\lpc_chip_8xx\Debug\liblpc_chip_8xx.a(chip_8xx.o)
 .debug_aranges
                0x00000210       0x80 C:\Users\ciokb\Documents\LPCXpresso_8.1.4_606\workspace\lpc_chip_8xx\Debug\liblpc_chip_8xx.a(clock_8xx.o)
 .debug_aranges
                0x00000290       0x28 C:\Users\ciokb\Documents\LPCXpresso_8.1.4_606\workspace\lpc_chip_8xx\Debug\liblpc_chip_8xx.a(gpio_8xx.o)
 .debug_aranges
                0x000002b8       0x28 C:\Users\ciokb\Documents\LPCXpresso_8.1.4_606\workspace\lpc_chip_8xx\Debug\liblpc_chip_8xx.a(i2c_common_8xx.o)
 .debug_aranges
                0x000002e0       0x28 C:\Users\ciokb\Documents\LPCXpresso_8.1.4_606\workspace\lpc_chip_8xx\Debug\liblpc_chip_8xx.a(swm_8xx.o)
 .debug_aranges
                0x00000308       0x30 C:\Users\ciokb\Documents\LPCXpresso_8.1.4_606\workspace\lpc_chip_8xx\Debug\liblpc_chip_8xx.a(sysinit_8xx.o)
 .debug_aranges
                0x00000338       0x80 C:\Users\ciokb\Documents\LPCXpresso_8.1.4_606\workspace\lpc_chip_8xx\Debug\liblpc_chip_8xx.a(uart_8xx.o)
 .debug_aranges
                0x000003b8       0x28 C:\Users\ciokb\Documents\LPCXpresso_8.1.4_606\workspace\lpc_chip_8xx\Debug\liblpc_chip_8xx.a(irc_8xx.o)
 .debug_aranges
                0x000003e0       0x38 C:\Users\ciokb\Documents\LPCXpresso_8.1.4_606\workspace\lpc_chip_8xx\Debug\liblpc_chip_8xx.a(syscon_8xx.o)

.debug_ranges   0x00000000      0x6e0
 .debug_ranges  0x00000000       0x50 ./example/src/cr_startup_lpc8xx.o
 .debug_ranges  0x00000050       0xa0 ./example/src/periph_i2c_rom_interrupt.o
 .debug_ranges  0x000000f0       0x10 ./example/src/sysinit.o
 .debug_ranges  0x00000100      0x158 C:\Users\ciokb\Documents\LPCXpresso_8.1.4_606\workspace\lpc_board_nxp_lpcxpresso_812\Debug\liblpc_board_nxp_lpcxpresso_812.a(board.o)
 .debug_ranges  0x00000258       0x60 C:\Users\ciokb\Documents\LPCXpresso_8.1.4_606\workspace\lpc_board_nxp_lpcxpresso_812\Debug\liblpc_board_nxp_lpcxpresso_812.a(board_sysinit.o)
 .debug_ranges  0x000002b8       0x10 C:\Users\ciokb\Documents\LPCXpresso_8.1.4_606\workspace\lpc_chip_8xx\Debug\liblpc_chip_8xx.a(chip_8xx.o)
 .debug_ranges  0x000002c8       0xe8 C:\Users\ciokb\Documents\LPCXpresso_8.1.4_606\workspace\lpc_chip_8xx\Debug\liblpc_chip_8xx.a(clock_8xx.o)
 .debug_ranges  0x000003b0       0x48 C:\Users\ciokb\Documents\LPCXpresso_8.1.4_606\workspace\lpc_chip_8xx\Debug\liblpc_chip_8xx.a(gpio_8xx.o)
 .debug_ranges  0x000003f8       0x90 C:\Users\ciokb\Documents\LPCXpresso_8.1.4_606\workspace\lpc_chip_8xx\Debug\liblpc_chip_8xx.a(i2c_common_8xx.o)
 .debug_ranges  0x00000488       0x30 C:\Users\ciokb\Documents\LPCXpresso_8.1.4_606\workspace\lpc_chip_8xx\Debug\liblpc_chip_8xx.a(swm_8xx.o)
 .debug_ranges  0x000004b8       0x70 C:\Users\ciokb\Documents\LPCXpresso_8.1.4_606\workspace\lpc_chip_8xx\Debug\liblpc_chip_8xx.a(sysinit_8xx.o)
 .debug_ranges  0x00000528       0xe8 C:\Users\ciokb\Documents\LPCXpresso_8.1.4_606\workspace\lpc_chip_8xx\Debug\liblpc_chip_8xx.a(uart_8xx.o)
 .debug_ranges  0x00000610       0xa8 C:\Users\ciokb\Documents\LPCXpresso_8.1.4_606\workspace\lpc_chip_8xx\Debug\liblpc_chip_8xx.a(irc_8xx.o)
 .debug_ranges  0x000006b8       0x28 C:\Users\ciokb\Documents\LPCXpresso_8.1.4_606\workspace\lpc_chip_8xx\Debug\liblpc_chip_8xx.a(syscon_8xx.o)

.debug_macro    0x00000000     0x4f6d
 .debug_macro   0x00000000       0x1d ./example/src/cr_startup_lpc8xx.o
 .debug_macro   0x0000001d      0x83e ./example/src/cr_startup_lpc8xx.o
 .debug_macro   0x0000085b       0x1a ./example/src/crp.o
 .debug_macro   0x00000875       0x34 ./example/src/crp.o
 .debug_macro   0x000008a9       0x29 ./example/src/mtb.o
 .debug_macro   0x000008d2       0x82 ./example/src/mtb.o
 .debug_macro   0x00000954       0x10 ./example/src/mtb.o
 .debug_macro   0x00000964      0x25d ./example/src/periph_i2c_rom_interrupt.o
 .debug_macro   0x00000bc1       0x10 ./example/src/periph_i2c_rom_interrupt.o
 .debug_macro   0x00000bd1      0x12d ./example/src/periph_i2c_rom_interrupt.o
 .debug_macro   0x00000cfe      0x5b2 ./example/src/periph_i2c_rom_interrupt.o
 .debug_macro   0x000012b0       0x22 ./example/src/periph_i2c_rom_interrupt.o
 .debug_macro   0x000012d2       0x7b ./example/src/periph_i2c_rom_interrupt.o
 .debug_macro   0x0000134d       0x10 ./example/src/periph_i2c_rom_interrupt.o
 .debug_macro   0x0000135d       0x28 ./example/src/periph_i2c_rom_interrupt.o
 .debug_macro   0x00001385       0x3a ./example/src/periph_i2c_rom_interrupt.o
 .debug_macro   0x000013bf       0x1f ./example/src/periph_i2c_rom_interrupt.o
 .debug_macro   0x000013de      0x250 ./example/src/periph_i2c_rom_interrupt.o
 .debug_macro   0x0000162e      0x145 ./example/src/periph_i2c_rom_interrupt.o
 .debug_macro   0x00001773       0xca ./example/src/periph_i2c_rom_interrupt.o
 .debug_macro   0x0000183d       0x6a ./example/src/periph_i2c_rom_interrupt.o
 .debug_macro   0x000018a7       0x70 ./example/src/periph_i2c_rom_interrupt.o
 .debug_macro   0x00001917       0x28 ./example/src/periph_i2c_rom_interrupt.o
 .debug_macro   0x0000193f      0x190 ./example/src/periph_i2c_rom_interrupt.o
 .debug_macro   0x00001acf       0x24 ./example/src/periph_i2c_rom_interrupt.o
 .debug_macro   0x00001af3       0x64 ./example/src/periph_i2c_rom_interrupt.o
 .debug_macro   0x00001b57       0x10 ./example/src/periph_i2c_rom_interrupt.o
 .debug_macro   0x00001b67       0x22 ./example/src/periph_i2c_rom_interrupt.o
 .debug_macro   0x00001b89       0xb2 ./example/src/periph_i2c_rom_interrupt.o
 .debug_macro   0x00001c3b       0x58 ./example/src/periph_i2c_rom_interrupt.o
 .debug_macro   0x00001c93       0x58 ./example/src/periph_i2c_rom_interrupt.o
 .debug_macro   0x00001ceb       0x6a ./example/src/periph_i2c_rom_interrupt.o
 .debug_macro   0x00001d55       0x82 ./example/src/periph_i2c_rom_interrupt.o
 .debug_macro   0x00001dd7       0x16 ./example/src/periph_i2c_rom_interrupt.o
 .debug_macro   0x00001ded      0x131 ./example/src/periph_i2c_rom_interrupt.o
 .debug_macro   0x00001f1e       0x22 ./example/src/periph_i2c_rom_interrupt.o
 .debug_macro   0x00001f40       0x52 ./example/src/periph_i2c_rom_interrupt.o
 .debug_macro   0x00001f92      0x181 ./example/src/periph_i2c_rom_interrupt.o
 .debug_macro   0x00002113      0x289 ./example/src/periph_i2c_rom_interrupt.o
 .debug_macro   0x0000239c      0x28b ./example/src/periph_i2c_rom_interrupt.o
 .debug_macro   0x00002627       0x2e ./example/src/periph_i2c_rom_interrupt.o
 .debug_macro   0x00002655       0x22 ./example/src/periph_i2c_rom_interrupt.o
 .debug_macro   0x00002677       0x16 ./example/src/periph_i2c_rom_interrupt.o
 .debug_macro   0x0000268d       0x9a ./example/src/periph_i2c_rom_interrupt.o
 .debug_macro   0x00002727       0x20 ./example/src/periph_i2c_rom_interrupt.o
 .debug_macro   0x00002747      0x215 ./example/src/sysinit.o
 .debug_macro   0x0000295c      0x232 C:\Users\ciokb\Documents\LPCXpresso_8.1.4_606\workspace\lpc_board_nxp_lpcxpresso_812\Debug\liblpc_board_nxp_lpcxpresso_812.a(board.o)
 .debug_macro   0x00002b8e      0x84a C:\Users\ciokb\Documents\LPCXpresso_8.1.4_606\workspace\lpc_board_nxp_lpcxpresso_812\Debug\liblpc_board_nxp_lpcxpresso_812.a(board.o)
 .debug_macro   0x000033d8       0x20 C:\Users\ciokb\Documents\LPCXpresso_8.1.4_606\workspace\lpc_board_nxp_lpcxpresso_812\Debug\liblpc_board_nxp_lpcxpresso_812.a(board.o)
 .debug_macro   0x000033f8       0x12 C:\Users\ciokb\Documents\LPCXpresso_8.1.4_606\workspace\lpc_board_nxp_lpcxpresso_812\Debug\liblpc_board_nxp_lpcxpresso_812.a(board.o)
 .debug_macro   0x0000340a      0x215 C:\Users\ciokb\Documents\LPCXpresso_8.1.4_606\workspace\lpc_board_nxp_lpcxpresso_812\Debug\liblpc_board_nxp_lpcxpresso_812.a(board_sysinit.o)
 .debug_macro   0x0000361f      0x1e0 C:\Users\ciokb\Documents\LPCXpresso_8.1.4_606\workspace\lpc_chip_8xx\Debug\liblpc_chip_8xx.a(chip_8xx.o)
 .debug_macro   0x000037ff      0x83e C:\Users\ciokb\Documents\LPCXpresso_8.1.4_606\workspace\lpc_chip_8xx\Debug\liblpc_chip_8xx.a(chip_8xx.o)
 .debug_macro   0x0000403d      0x1e0 C:\Users\ciokb\Documents\LPCXpresso_8.1.4_606\workspace\lpc_chip_8xx\Debug\liblpc_chip_8xx.a(clock_8xx.o)
 .debug_macro   0x0000421d      0x1e0 C:\Users\ciokb\Documents\LPCXpresso_8.1.4_606\workspace\lpc_chip_8xx\Debug\liblpc_chip_8xx.a(gpio_8xx.o)
 .debug_macro   0x000043fd      0x1e0 C:\Users\ciokb\Documents\LPCXpresso_8.1.4_606\workspace\lpc_chip_8xx\Debug\liblpc_chip_8xx.a(i2c_common_8xx.o)
 .debug_macro   0x000045dd      0x1ec C:\Users\ciokb\Documents\LPCXpresso_8.1.4_606\workspace\lpc_chip_8xx\Debug\liblpc_chip_8xx.a(swm_8xx.o)
 .debug_macro   0x000047c9      0x1ec C:\Users\ciokb\Documents\LPCXpresso_8.1.4_606\workspace\lpc_chip_8xx\Debug\liblpc_chip_8xx.a(sysinit_8xx.o)
 .debug_macro   0x000049b5      0x1e0 C:\Users\ciokb\Documents\LPCXpresso_8.1.4_606\workspace\lpc_chip_8xx\Debug\liblpc_chip_8xx.a(uart_8xx.o)
 .debug_macro   0x00004b95      0x1e0 C:\Users\ciokb\Documents\LPCXpresso_8.1.4_606\workspace\lpc_chip_8xx\Debug\liblpc_chip_8xx.a(irc_8xx.o)
 .debug_macro   0x00004d75      0x1f8 C:\Users\ciokb\Documents\LPCXpresso_8.1.4_606\workspace\lpc_chip_8xx\Debug\liblpc_chip_8xx.a(syscon_8xx.o)

.debug_line     0x00000000     0x3c19
 .debug_line    0x00000000       0xc1 ./example/src/cr_startup_lpc8xx.o
 .debug_line    0x000000c1       0x80 ./example/src/crp.o
 .debug_line    0x00000141       0x9d ./example/src/mtb.o
 .debug_line    0x000001de      0x65a ./example/src/periph_i2c_rom_interrupt.o
 .debug_line    0x00000838      0x40e ./example/src/sysinit.o
 .debug_line    0x00000c46      0x593 C:\Users\ciokb\Documents\LPCXpresso_8.1.4_606\workspace\lpc_board_nxp_lpcxpresso_812\Debug\liblpc_board_nxp_lpcxpresso_812.a(board.o)
 .debug_line    0x000011d9      0x46b C:\Users\ciokb\Documents\LPCXpresso_8.1.4_606\workspace\lpc_board_nxp_lpcxpresso_812\Debug\liblpc_board_nxp_lpcxpresso_812.a(board_sysinit.o)
 .debug_line    0x00001644      0x38b C:\Users\ciokb\Documents\LPCXpresso_8.1.4_606\workspace\lpc_chip_8xx\Debug\liblpc_chip_8xx.a(chip_8xx.o)
 .debug_line    0x000019cf      0x524 C:\Users\ciokb\Documents\LPCXpresso_8.1.4_606\workspace\lpc_chip_8xx\Debug\liblpc_chip_8xx.a(clock_8xx.o)
 .debug_line    0x00001ef3      0x3c6 C:\Users\ciokb\Documents\LPCXpresso_8.1.4_606\workspace\lpc_chip_8xx\Debug\liblpc_chip_8xx.a(gpio_8xx.o)
 .debug_line    0x000022b9      0x401 C:\Users\ciokb\Documents\LPCXpresso_8.1.4_606\workspace\lpc_chip_8xx\Debug\liblpc_chip_8xx.a(i2c_common_8xx.o)
 .debug_line    0x000026ba      0x3ba C:\Users\ciokb\Documents\LPCXpresso_8.1.4_606\workspace\lpc_chip_8xx\Debug\liblpc_chip_8xx.a(swm_8xx.o)
 .debug_line    0x00002a74      0x416 C:\Users\ciokb\Documents\LPCXpresso_8.1.4_606\workspace\lpc_chip_8xx\Debug\liblpc_chip_8xx.a(sysinit_8xx.o)
 .debug_line    0x00002e8a      0x587 C:\Users\ciokb\Documents\LPCXpresso_8.1.4_606\workspace\lpc_chip_8xx\Debug\liblpc_chip_8xx.a(uart_8xx.o)
 .debug_line    0x00003411      0x43b C:\Users\ciokb\Documents\LPCXpresso_8.1.4_606\workspace\lpc_chip_8xx\Debug\liblpc_chip_8xx.a(irc_8xx.o)
 .debug_line    0x0000384c      0x3cd C:\Users\ciokb\Documents\LPCXpresso_8.1.4_606\workspace\lpc_chip_8xx\Debug\liblpc_chip_8xx.a(syscon_8xx.o)

.debug_str      0x00000000     0xcdf6
 .debug_str     0x00000000     0x2520 ./example/src/cr_startup_lpc8xx.o
                               0x2533 (size before relaxing)
 .debug_str     0x00002520       0xf1 ./example/src/crp.o
                               0x2496 (size before relaxing)
 .debug_str     0x00002611      0x521 ./example/src/mtb.o
                               0x28c7 (size before relaxing)
 .debug_str     0x00002b32     0x8cf3 ./example/src/periph_i2c_rom_interrupt.o
                               0xb1b5 (size before relaxing)
 .debug_str     0x0000b825       0x19 ./example/src/sysinit.o
                               0x9d72 (size before relaxing)
 .debug_str     0x0000b83e      0x563 C:\Users\ciokb\Documents\LPCXpresso_8.1.4_606\workspace\lpc_board_nxp_lpcxpresso_812\Debug\liblpc_board_nxp_lpcxpresso_812.a(board.o)
                               0xa7d5 (size before relaxing)
 .debug_str     0x0000bda1      0x27c C:\Users\ciokb\Documents\LPCXpresso_8.1.4_606\workspace\lpc_board_nxp_lpcxpresso_812\Debug\liblpc_board_nxp_lpcxpresso_812.a(board_sysinit.o)
                               0xa434 (size before relaxing)
 .debug_str     0x0000c01d       0x91 C:\Users\ciokb\Documents\LPCXpresso_8.1.4_606\workspace\lpc_chip_8xx\Debug\liblpc_chip_8xx.a(chip_8xx.o)
                               0x9a80 (size before relaxing)
 .debug_str     0x0000c0ae      0x6eb C:\Users\ciokb\Documents\LPCXpresso_8.1.4_606\workspace\lpc_chip_8xx\Debug\liblpc_chip_8xx.a(clock_8xx.o)
                               0xa42e (size before relaxing)
 .debug_str     0x0000c799       0x23 C:\Users\ciokb\Documents\LPCXpresso_8.1.4_606\workspace\lpc_chip_8xx\Debug\liblpc_chip_8xx.a(gpio_8xx.o)
                               0x9edc (size before relaxing)
 .debug_str     0x0000c7bc       0x59 C:\Users\ciokb\Documents\LPCXpresso_8.1.4_606\workspace\lpc_chip_8xx\Debug\liblpc_chip_8xx.a(i2c_common_8xx.o)
                               0xa075 (size before relaxing)
 .debug_str     0x0000c815       0xce C:\Users\ciokb\Documents\LPCXpresso_8.1.4_606\workspace\lpc_chip_8xx\Debug\liblpc_chip_8xx.a(swm_8xx.o)
                               0x9e3b (size before relaxing)
 .debug_str     0x0000c8e3      0x186 C:\Users\ciokb\Documents\LPCXpresso_8.1.4_606\workspace\lpc_chip_8xx\Debug\liblpc_chip_8xx.a(sysinit_8xx.o)
                               0x9f25 (size before relaxing)
 .debug_str     0x0000ca69      0x1f6 C:\Users\ciokb\Documents\LPCXpresso_8.1.4_606\workspace\lpc_chip_8xx\Debug\liblpc_chip_8xx.a(uart_8xx.o)
                               0xa26d (size before relaxing)
 .debug_str     0x0000cc5f       0xad C:\Users\ciokb\Documents\LPCXpresso_8.1.4_606\workspace\lpc_chip_8xx\Debug\liblpc_chip_8xx.a(irc_8xx.o)
                               0xa708 (size before relaxing)
 .debug_str     0x0000cd0c       0xea C:\Users\ciokb\Documents\LPCXpresso_8.1.4_606\workspace\lpc_chip_8xx\Debug\liblpc_chip_8xx.a(syscon_8xx.o)
                               0x9d52 (size before relaxing)

.comment        0x00000000       0x6e
 .comment       0x00000000       0x6e ./example/src/cr_startup_lpc8xx.o
                                 0x6f (size before relaxing)
 .comment       0x0000006e       0x6f ./example/src/crp.o
 .comment       0x0000006e       0x6f ./example/src/mtb.o
 .comment       0x0000006e       0x6f ./example/src/periph_i2c_rom_interrupt.o
 .comment       0x0000006e       0x6f ./example/src/sysinit.o
 .comment       0x0000006e       0x6f C:\Users\ciokb\Documents\LPCXpresso_8.1.4_606\workspace\lpc_board_nxp_lpcxpresso_812\Debug\liblpc_board_nxp_lpcxpresso_812.a(board.o)
 .comment       0x0000006e       0x6f C:\Users\ciokb\Documents\LPCXpresso_8.1.4_606\workspace\lpc_board_nxp_lpcxpresso_812\Debug\liblpc_board_nxp_lpcxpresso_812.a(board_sysinit.o)
 .comment       0x0000006e       0x6f C:\Users\ciokb\Documents\LPCXpresso_8.1.4_606\workspace\lpc_chip_8xx\Debug\liblpc_chip_8xx.a(chip_8xx.o)
 .comment       0x0000006e       0x6f C:\Users\ciokb\Documents\LPCXpresso_8.1.4_606\workspace\lpc_chip_8xx\Debug\liblpc_chip_8xx.a(clock_8xx.o)
 .comment       0x0000006e       0x6f C:\Users\ciokb\Documents\LPCXpresso_8.1.4_606\workspace\lpc_chip_8xx\Debug\liblpc_chip_8xx.a(gpio_8xx.o)
 .comment       0x0000006e       0x6f C:\Users\ciokb\Documents\LPCXpresso_8.1.4_606\workspace\lpc_chip_8xx\Debug\liblpc_chip_8xx.a(i2c_common_8xx.o)
 .comment       0x0000006e       0x6f C:\Users\ciokb\Documents\LPCXpresso_8.1.4_606\workspace\lpc_chip_8xx\Debug\liblpc_chip_8xx.a(swm_8xx.o)
 .comment       0x0000006e       0x6f C:\Users\ciokb\Documents\LPCXpresso_8.1.4_606\workspace\lpc_chip_8xx\Debug\liblpc_chip_8xx.a(sysinit_8xx.o)
 .comment       0x0000006e       0x6f C:\Users\ciokb\Documents\LPCXpresso_8.1.4_606\workspace\lpc_chip_8xx\Debug\liblpc_chip_8xx.a(uart_8xx.o)
 .comment       0x0000006e       0x6f C:\Users\ciokb\Documents\LPCXpresso_8.1.4_606\workspace\lpc_chip_8xx\Debug\liblpc_chip_8xx.a(irc_8xx.o)
 .comment       0x0000006e       0x6f C:\Users\ciokb\Documents\LPCXpresso_8.1.4_606\workspace\lpc_chip_8xx\Debug\liblpc_chip_8xx.a(syscon_8xx.o)
 .comment       0x0000006e       0x6f c:/nxp/lpcxpresso_8.1.4_606/lpcxpresso/tools/bin/../lib/gcc/arm-none-eabi/5.2.1/../../../../arm-none-eabi/lib/armv6-m\libcr_semihost.a(_cr__main.o)
 .comment       0x0000006e       0x6f c:/nxp/lpcxpresso_8.1.4_606/lpcxpresso/tools/bin/../lib/gcc/arm-none-eabi/5.2.1/../../../../arm-none-eabi/lib/armv6-m\libcr_c.a(memset.o)
 .comment       0x0000006e       0x6f c:/nxp/lpcxpresso_8.1.4_606/lpcxpresso/tools/bin/../lib/gcc/arm-none-eabi/5.2.1/../../../../arm-none-eabi/lib/armv6-m\libcr_c.a(fpprintf.o)
 .comment       0x0000006e       0x6f c:/nxp/lpcxpresso_8.1.4_606/lpcxpresso/tools/bin/../lib/gcc/arm-none-eabi/5.2.1/../../../../arm-none-eabi/lib/armv6-m\libcr_c.a(initio.o)
 .comment       0x0000006e       0x6f c:/nxp/lpcxpresso_8.1.4_606/lpcxpresso/tools/bin/../lib/gcc/arm-none-eabi/5.2.1/../../../../arm-none-eabi/lib/armv6-m\libcr_c.a(printf.o)
 .comment       0x0000006e       0x6f c:/nxp/lpcxpresso_8.1.4_606/lpcxpresso/tools/bin/../lib/gcc/arm-none-eabi/5.2.1/../../../../arm-none-eabi/lib/armv6-m\libcr_c.a(setvbuf.o)
 .comment       0x0000006e       0x6f c:/nxp/lpcxpresso_8.1.4_606/lpcxpresso/tools/bin/../lib/gcc/arm-none-eabi/5.2.1/../../../../arm-none-eabi/lib/armv6-m\libcr_c.a(stdio.o)
 .comment       0x0000006e       0x6f c:/nxp/lpcxpresso_8.1.4_606/lpcxpresso/tools/bin/../lib/gcc/arm-none-eabi/5.2.1/../../../../arm-none-eabi/lib/armv6-m\libcr_c.a(strlen.o)
 .comment       0x0000006e       0x6f c:/nxp/lpcxpresso_8.1.4_606/lpcxpresso/tools/bin/../lib/gcc/arm-none-eabi/5.2.1/../../../../arm-none-eabi/lib/armv6-m\libcr_c.a(_deferredlazyseek.o)
 .comment       0x0000006e       0x6f c:/nxp/lpcxpresso_8.1.4_606/lpcxpresso/tools/bin/../lib/gcc/arm-none-eabi/5.2.1/../../../../arm-none-eabi/lib/armv6-m\libcr_c.a(_fdopen.o)
 .comment       0x0000006e       0x6f c:/nxp/lpcxpresso_8.1.4_606/lpcxpresso/tools/bin/../lib/gcc/arm-none-eabi/5.2.1/../../../../arm-none-eabi/lib/armv6-m\libcr_c.a(_fflush.o)
 .comment       0x0000006e       0x6f c:/nxp/lpcxpresso_8.1.4_606/lpcxpresso/tools/bin/../lib/gcc/arm-none-eabi/5.2.1/../../../../arm-none-eabi/lib/armv6-m\libcr_c.a(_frexpl.o)
 .comment       0x0000006e       0x6f c:/nxp/lpcxpresso_8.1.4_606/lpcxpresso/tools/bin/../lib/gcc/arm-none-eabi/5.2.1/../../../../arm-none-eabi/lib/armv6-m\libcr_c.a(_ldexpl.o)
 .comment       0x0000006e       0x6f c:/nxp/lpcxpresso_8.1.4_606/lpcxpresso/tools/bin/../lib/gcc/arm-none-eabi/5.2.1/../../../../arm-none-eabi/lib/armv6-m\libcr_c.a(_writebuf.o)
 .comment       0x0000006e       0x6f c:/nxp/lpcxpresso_8.1.4_606/lpcxpresso/tools/bin/../lib/gcc/arm-none-eabi/5.2.1/../../../../arm-none-eabi/lib/armv6-m\libcr_c.a(alloc.o)
 .comment       0x0000006e       0x6f c:/nxp/lpcxpresso_8.1.4_606/lpcxpresso/tools/bin/../lib/gcc/arm-none-eabi/5.2.1/../../../../arm-none-eabi/lib/armv6-m\libcr_c.a(errno.o)
 .comment       0x0000006e       0x6f c:/nxp/lpcxpresso_8.1.4_606/lpcxpresso/tools/bin/../lib/gcc/arm-none-eabi/5.2.1/../../../../arm-none-eabi/lib/armv6-m\libcr_c.a(fclose.o)
 .comment       0x0000006e       0x6f c:/nxp/lpcxpresso_8.1.4_606/lpcxpresso/tools/bin/../lib/gcc/arm-none-eabi/5.2.1/../../../../arm-none-eabi/lib/armv6-m\libcr_c.a(fflush.o)
 .comment       0x0000006e       0x6f c:/nxp/lpcxpresso_8.1.4_606/lpcxpresso/tools/bin/../lib/gcc/arm-none-eabi/5.2.1/../../../../arm-none-eabi/lib/armv6-m\libcr_c.a(fseek.o)
 .comment       0x0000006e       0x6f c:/nxp/lpcxpresso_8.1.4_606/lpcxpresso/tools/bin/../lib/gcc/arm-none-eabi/5.2.1/../../../../arm-none-eabi/lib/armv6-m\libcr_c.a(ftell.o)
 .comment       0x0000006e       0x6f c:/nxp/lpcxpresso_8.1.4_606/lpcxpresso/tools/bin/../lib/gcc/arm-none-eabi/5.2.1/../../../../arm-none-eabi/lib/armv6-m\libcr_c.a(remove.o)
 .comment       0x0000006e       0x6f c:/nxp/lpcxpresso_8.1.4_606/lpcxpresso/tools/bin/../lib/gcc/arm-none-eabi/5.2.1/../../../../arm-none-eabi/lib/armv6-m\libcr_c.a(__init_alloc.o)
 .comment       0x0000006e       0x6f c:/nxp/lpcxpresso_8.1.4_606/lpcxpresso/tools/bin/../lib/gcc/arm-none-eabi/5.2.1/../../../../arm-none-eabi/lib/armv6-m\libcr_c.a(_cr_sbrk.o)
 .comment       0x0000006e       0x6f c:/nxp/lpcxpresso_8.1.4_606/lpcxpresso/tools/bin/../lib/gcc/arm-none-eabi/5.2.1/../../../../arm-none-eabi/lib/armv6-m\libcr_c.a(_do_fflush.o)
 .comment       0x0000006e       0x6f c:/nxp/lpcxpresso_8.1.4_606/lpcxpresso/tools/bin/../lib/gcc/arm-none-eabi/5.2.1/../../../../arm-none-eabi/lib/armv6-m\libcr_c.a(_hugeval.o)
 .comment       0x0000006e       0x6f c:/nxp/lpcxpresso_8.1.4_606/lpcxpresso/tools/bin/../lib/gcc/arm-none-eabi/5.2.1/../../../../arm-none-eabi/lib/armv6-m\libcr_c.a(_cr_check_heap.o)
 .comment       0x0000006e       0x6f c:/nxp/lpcxpresso_8.1.4_606/lpcxpresso/tools/bin/../lib/gcc/arm-none-eabi/5.2.1/armv6-m\libcr_eabihelpers.a(double.o)

.ARM.attributes
                0x00000000       0x2f
 .ARM.attributes
                0x00000000       0x31 ./example/src/cr_startup_lpc8xx.o
 .ARM.attributes
                0x00000031       0x31 ./example/src/crp.o
 .ARM.attributes
                0x00000062       0x31 ./example/src/mtb.o
 .ARM.attributes
                0x00000093       0x31 ./example/src/periph_i2c_rom_interrupt.o
 .ARM.attributes
                0x000000c4       0x31 ./example/src/sysinit.o
 .ARM.attributes
                0x000000f5       0x31 C:\Users\ciokb\Documents\LPCXpresso_8.1.4_606\workspace\lpc_board_nxp_lpcxpresso_812\Debug\liblpc_board_nxp_lpcxpresso_812.a(board.o)
 .ARM.attributes
                0x00000126       0x31 C:\Users\ciokb\Documents\LPCXpresso_8.1.4_606\workspace\lpc_board_nxp_lpcxpresso_812\Debug\liblpc_board_nxp_lpcxpresso_812.a(board_sysinit.o)
 .ARM.attributes
                0x00000157       0x31 C:\Users\ciokb\Documents\LPCXpresso_8.1.4_606\workspace\lpc_chip_8xx\Debug\liblpc_chip_8xx.a(chip_8xx.o)
 .ARM.attributes
                0x00000188       0x31 C:\Users\ciokb\Documents\LPCXpresso_8.1.4_606\workspace\lpc_chip_8xx\Debug\liblpc_chip_8xx.a(clock_8xx.o)
 .ARM.attributes
                0x000001b9       0x31 C:\Users\ciokb\Documents\LPCXpresso_8.1.4_606\workspace\lpc_chip_8xx\Debug\liblpc_chip_8xx.a(gpio_8xx.o)
 .ARM.attributes
                0x000001ea       0x31 C:\Users\ciokb\Documents\LPCXpresso_8.1.4_606\workspace\lpc_chip_8xx\Debug\liblpc_chip_8xx.a(i2c_common_8xx.o)
 .ARM.attributes
                0x0000021b       0x31 C:\Users\ciokb\Documents\LPCXpresso_8.1.4_606\workspace\lpc_chip_8xx\Debug\liblpc_chip_8xx.a(swm_8xx.o)
 .ARM.attributes
                0x0000024c       0x31 C:\Users\ciokb\Documents\LPCXpresso_8.1.4_606\workspace\lpc_chip_8xx\Debug\liblpc_chip_8xx.a(sysinit_8xx.o)
 .ARM.attributes
                0x0000027d       0x31 C:\Users\ciokb\Documents\LPCXpresso_8.1.4_606\workspace\lpc_chip_8xx\Debug\liblpc_chip_8xx.a(uart_8xx.o)
 .ARM.attributes
                0x000002ae       0x31 C:\Users\ciokb\Documents\LPCXpresso_8.1.4_606\workspace\lpc_chip_8xx\Debug\liblpc_chip_8xx.a(irc_8xx.o)
 .ARM.attributes
                0x000002df       0x31 C:\Users\ciokb\Documents\LPCXpresso_8.1.4_606\workspace\lpc_chip_8xx\Debug\liblpc_chip_8xx.a(syscon_8xx.o)
 .ARM.attributes
                0x00000310       0x31 c:/nxp/lpcxpresso_8.1.4_606/lpcxpresso/tools/bin/../lib/gcc/arm-none-eabi/5.2.1/../../../../arm-none-eabi/lib/armv6-m\libcr_semihost.a(_cr__main.o)
 .ARM.attributes
                0x00000341       0x31 c:/nxp/lpcxpresso_8.1.4_606/lpcxpresso/tools/bin/../lib/gcc/arm-none-eabi/5.2.1/../../../../arm-none-eabi/lib/armv6-m\libcr_c.a(memset.o)
 .ARM.attributes
                0x00000372       0x31 c:/nxp/lpcxpresso_8.1.4_606/lpcxpresso/tools/bin/../lib/gcc/arm-none-eabi/5.2.1/../../../../arm-none-eabi/lib/armv6-m\libcr_c.a(fpprintf.o)
 .ARM.attributes
                0x000003a3       0x31 c:/nxp/lpcxpresso_8.1.4_606/lpcxpresso/tools/bin/../lib/gcc/arm-none-eabi/5.2.1/../../../../arm-none-eabi/lib/armv6-m\libcr_c.a(initio.o)
 .ARM.attributes
                0x000003d4       0x31 c:/nxp/lpcxpresso_8.1.4_606/lpcxpresso/tools/bin/../lib/gcc/arm-none-eabi/5.2.1/../../../../arm-none-eabi/lib/armv6-m\libcr_c.a(printf.o)
 .ARM.attributes
                0x00000405       0x31 c:/nxp/lpcxpresso_8.1.4_606/lpcxpresso/tools/bin/../lib/gcc/arm-none-eabi/5.2.1/../../../../arm-none-eabi/lib/armv6-m\libcr_c.a(setvbuf.o)
 .ARM.attributes
                0x00000436       0x31 c:/nxp/lpcxpresso_8.1.4_606/lpcxpresso/tools/bin/../lib/gcc/arm-none-eabi/5.2.1/../../../../arm-none-eabi/lib/armv6-m\libcr_c.a(stdio.o)
 .ARM.attributes
                0x00000467       0x31 c:/nxp/lpcxpresso_8.1.4_606/lpcxpresso/tools/bin/../lib/gcc/arm-none-eabi/5.2.1/../../../../arm-none-eabi/lib/armv6-m\libcr_c.a(strlen.o)
 .ARM.attributes
                0x00000498       0x31 c:/nxp/lpcxpresso_8.1.4_606/lpcxpresso/tools/bin/../lib/gcc/arm-none-eabi/5.2.1/../../../../arm-none-eabi/lib/armv6-m\libcr_c.a(_deferredlazyseek.o)
 .ARM.attributes
                0x000004c9       0x31 c:/nxp/lpcxpresso_8.1.4_606/lpcxpresso/tools/bin/../lib/gcc/arm-none-eabi/5.2.1/../../../../arm-none-eabi/lib/armv6-m\libcr_c.a(_fdopen.o)
 .ARM.attributes
                0x000004fa       0x31 c:/nxp/lpcxpresso_8.1.4_606/lpcxpresso/tools/bin/../lib/gcc/arm-none-eabi/5.2.1/../../../../arm-none-eabi/lib/armv6-m\libcr_c.a(_fflush.o)
 .ARM.attributes
                0x0000052b       0x31 c:/nxp/lpcxpresso_8.1.4_606/lpcxpresso/tools/bin/../lib/gcc/arm-none-eabi/5.2.1/../../../../arm-none-eabi/lib/armv6-m\libcr_c.a(_frexpl.o)
 .ARM.attributes
                0x0000055c       0x31 c:/nxp/lpcxpresso_8.1.4_606/lpcxpresso/tools/bin/../lib/gcc/arm-none-eabi/5.2.1/../../../../arm-none-eabi/lib/armv6-m\libcr_c.a(_ldexpl.o)
 .ARM.attributes
                0x0000058d       0x31 c:/nxp/lpcxpresso_8.1.4_606/lpcxpresso/tools/bin/../lib/gcc/arm-none-eabi/5.2.1/../../../../arm-none-eabi/lib/armv6-m\libcr_c.a(_writebuf.o)
 .ARM.attributes
                0x000005be       0x31 c:/nxp/lpcxpresso_8.1.4_606/lpcxpresso/tools/bin/../lib/gcc/arm-none-eabi/5.2.1/../../../../arm-none-eabi/lib/armv6-m\libcr_c.a(alloc.o)
 .ARM.attributes
                0x000005ef       0x31 c:/nxp/lpcxpresso_8.1.4_606/lpcxpresso/tools/bin/../lib/gcc/arm-none-eabi/5.2.1/../../../../arm-none-eabi/lib/armv6-m\libcr_c.a(errno.o)
 .ARM.attributes
                0x00000620       0x31 c:/nxp/lpcxpresso_8.1.4_606/lpcxpresso/tools/bin/../lib/gcc/arm-none-eabi/5.2.1/../../../../arm-none-eabi/lib/armv6-m\libcr_c.a(fclose.o)
 .ARM.attributes
                0x00000651       0x31 c:/nxp/lpcxpresso_8.1.4_606/lpcxpresso/tools/bin/../lib/gcc/arm-none-eabi/5.2.1/../../../../arm-none-eabi/lib/armv6-m\libcr_c.a(fflush.o)
 .ARM.attributes
                0x00000682       0x31 c:/nxp/lpcxpresso_8.1.4_606/lpcxpresso/tools/bin/../lib/gcc/arm-none-eabi/5.2.1/../../../../arm-none-eabi/lib/armv6-m\libcr_c.a(fseek.o)
 .ARM.attributes
                0x000006b3       0x31 c:/nxp/lpcxpresso_8.1.4_606/lpcxpresso/tools/bin/../lib/gcc/arm-none-eabi/5.2.1/../../../../arm-none-eabi/lib/armv6-m\libcr_c.a(ftell.o)
 .ARM.attributes
                0x000006e4       0x31 c:/nxp/lpcxpresso_8.1.4_606/lpcxpresso/tools/bin/../lib/gcc/arm-none-eabi/5.2.1/../../../../arm-none-eabi/lib/armv6-m\libcr_c.a(remove.o)
 .ARM.attributes
                0x00000715       0x31 c:/nxp/lpcxpresso_8.1.4_606/lpcxpresso/tools/bin/../lib/gcc/arm-none-eabi/5.2.1/../../../../arm-none-eabi/lib/armv6-m\libcr_c.a(__init_alloc.o)
 .ARM.attributes
                0x00000746       0x31 c:/nxp/lpcxpresso_8.1.4_606/lpcxpresso/tools/bin/../lib/gcc/arm-none-eabi/5.2.1/../../../../arm-none-eabi/lib/armv6-m\libcr_c.a(_cr_sbrk.o)
 .ARM.attributes
                0x00000777       0x31 c:/nxp/lpcxpresso_8.1.4_606/lpcxpresso/tools/bin/../lib/gcc/arm-none-eabi/5.2.1/../../../../arm-none-eabi/lib/armv6-m\libcr_c.a(_do_fflush.o)
 .ARM.attributes
                0x000007a8       0x31 c:/nxp/lpcxpresso_8.1.4_606/lpcxpresso/tools/bin/../lib/gcc/arm-none-eabi/5.2.1/../../../../arm-none-eabi/lib/armv6-m\libcr_c.a(_hugeval.o)
 .ARM.attributes
                0x000007d9       0x31 c:/nxp/lpcxpresso_8.1.4_606/lpcxpresso/tools/bin/../lib/gcc/arm-none-eabi/5.2.1/../../../../arm-none-eabi/lib/armv6-m\libcr_c.a(_cr_check_heap.o)
 .ARM.attributes
                0x0000080a       0x21 c:/nxp/lpcxpresso_8.1.4_606/lpcxpresso/tools/bin/../lib/gcc/arm-none-eabi/5.2.1/armv6-m\libcr_eabihelpers.a(division_32.o)
 .ARM.attributes
                0x0000082b       0x21 c:/nxp/lpcxpresso_8.1.4_606/lpcxpresso/tools/bin/../lib/gcc/arm-none-eabi/5.2.1/armv6-m\libcr_eabihelpers.a(division_idiv0.o)
 .ARM.attributes
                0x0000084c       0x31 c:/nxp/lpcxpresso_8.1.4_606/lpcxpresso/tools/bin/../lib/gcc/arm-none-eabi/5.2.1/armv6-m\libcr_eabihelpers.a(double.o)
 .ARM.attributes
                0x0000087d       0x21 c:/nxp/lpcxpresso_8.1.4_606/lpcxpresso/tools/bin/../lib/gcc/arm-none-eabi/5.2.1/armv6-m\libcr_eabihelpers.a(llong.o)
 .ARM.attributes
                0x0000089e       0x21 c:/nxp/lpcxpresso_8.1.4_606/lpcxpresso/tools/bin/../lib/gcc/arm-none-eabi/5.2.1/armv6-m\libcr_eabihelpers.a(memcpy.o)
 .ARM.attributes
                0x000008bf       0x21 c:/nxp/lpcxpresso_8.1.4_606/lpcxpresso/tools/bin/../lib/gcc/arm-none-eabi/5.2.1/../../../../arm-none-eabi/lib/armv6-m\libcr_semihost.a(__sys_appexit.o)
 .ARM.attributes
                0x000008e0       0x21 c:/nxp/lpcxpresso_8.1.4_606/lpcxpresso/tools/bin/../lib/gcc/arm-none-eabi/5.2.1/../../../../arm-none-eabi/lib/armv6-m\libcr_semihost.a(__sys_close.o)
 .ARM.attributes
                0x00000901       0x21 c:/nxp/lpcxpresso_8.1.4_606/lpcxpresso/tools/bin/../lib/gcc/arm-none-eabi/5.2.1/../../../../arm-none-eabi/lib/armv6-m\libcr_semihost.a(__sys_flen.o)
 .ARM.attributes
                0x00000922       0x21 c:/nxp/lpcxpresso_8.1.4_606/lpcxpresso/tools/bin/../lib/gcc/arm-none-eabi/5.2.1/../../../../arm-none-eabi/lib/armv6-m\libcr_semihost.a(__sys_istty.o)
 .ARM.attributes
                0x00000943       0x21 c:/nxp/lpcxpresso_8.1.4_606/lpcxpresso/tools/bin/../lib/gcc/arm-none-eabi/5.2.1/../../../../arm-none-eabi/lib/armv6-m\libcr_semihost.a(__sys_remove.o)
 .ARM.attributes
                0x00000964       0x21 c:/nxp/lpcxpresso_8.1.4_606/lpcxpresso/tools/bin/../lib/gcc/arm-none-eabi/5.2.1/../../../../arm-none-eabi/lib/armv6-m\libcr_semihost.a(__sys_seek.o)
 .ARM.attributes
                0x00000985       0x21 c:/nxp/lpcxpresso_8.1.4_606/lpcxpresso/tools/bin/../lib/gcc/arm-none-eabi/5.2.1/../../../../arm-none-eabi/lib/armv6-m\libcr_semihost.a(__sys_tmpnam.o)
 .ARM.attributes
                0x000009a6       0x21 c:/nxp/lpcxpresso_8.1.4_606/lpcxpresso/tools/bin/../lib/gcc/arm-none-eabi/5.2.1/../../../../arm-none-eabi/lib/armv6-m\libcr_semihost.a(__sys_write.o)

.debug_frame    0x00000000      0x968
 .debug_frame   0x00000000      0x118 ./example/src/cr_startup_lpc8xx.o
 .debug_frame   0x00000118      0x268 ./example/src/periph_i2c_rom_interrupt.o
 .debug_frame   0x00000380       0x2c ./example/src/sysinit.o
 .debug_frame   0x000003ac       0xe4 C:\Users\ciokb\Documents\LPCXpresso_8.1.4_606\workspace\lpc_board_nxp_lpcxpresso_812\Debug\liblpc_board_nxp_lpcxpresso_812.a(board.o)
 .debug_frame   0x00000490       0x5c C:\Users\ciokb\Documents\LPCXpresso_8.1.4_606\workspace\lpc_board_nxp_lpcxpresso_812\Debug\liblpc_board_nxp_lpcxpresso_812.a(board_sysinit.o)
 .debug_frame   0x000004ec       0x28 C:\Users\ciokb\Documents\LPCXpresso_8.1.4_606\workspace\lpc_chip_8xx\Debug\liblpc_chip_8xx.a(chip_8xx.o)
 .debug_frame   0x00000514      0x124 C:\Users\ciokb\Documents\LPCXpresso_8.1.4_606\workspace\lpc_chip_8xx\Debug\liblpc_chip_8xx.a(clock_8xx.o)
 .debug_frame   0x00000638       0x30 C:\Users\ciokb\Documents\LPCXpresso_8.1.4_606\workspace\lpc_chip_8xx\Debug\liblpc_chip_8xx.a(gpio_8xx.o)
 .debug_frame   0x00000668       0x3c C:\Users\ciokb\Documents\LPCXpresso_8.1.4_606\workspace\lpc_chip_8xx\Debug\liblpc_chip_8xx.a(i2c_common_8xx.o)
 .debug_frame   0x000006a4       0x44 C:\Users\ciokb\Documents\LPCXpresso_8.1.4_606\workspace\lpc_chip_8xx\Debug\liblpc_chip_8xx.a(swm_8xx.o)
 .debug_frame   0x000006e8       0x5c C:\Users\ciokb\Documents\LPCXpresso_8.1.4_606\workspace\lpc_chip_8xx\Debug\liblpc_chip_8xx.a(sysinit_8xx.o)
 .debug_frame   0x00000744      0x180 C:\Users\ciokb\Documents\LPCXpresso_8.1.4_606\workspace\lpc_chip_8xx\Debug\liblpc_chip_8xx.a(uart_8xx.o)
 .debug_frame   0x000008c4       0x4c C:\Users\ciokb\Documents\LPCXpresso_8.1.4_606\workspace\lpc_chip_8xx\Debug\liblpc_chip_8xx.a(irc_8xx.o)
 .debug_frame   0x00000910       0x58 C:\Users\ciokb\Documents\LPCXpresso_8.1.4_606\workspace\lpc_chip_8xx\Debug\liblpc_chip_8xx.a(syscon_8xx.o)

.debug_loc      0x00000000     0x13ef
 .debug_loc     0x00000000      0x4d0 C:\Users\ciokb\Documents\LPCXpresso_8.1.4_606\workspace\lpc_board_nxp_lpcxpresso_812\Debug\liblpc_board_nxp_lpcxpresso_812.a(board.o)
 .debug_loc     0x000004d0       0x3c C:\Users\ciokb\Documents\LPCXpresso_8.1.4_606\workspace\lpc_board_nxp_lpcxpresso_812\Debug\liblpc_board_nxp_lpcxpresso_812.a(board_sysinit.o)
 .debug_loc     0x0000050c      0x25a C:\Users\ciokb\Documents\LPCXpresso_8.1.4_606\workspace\lpc_chip_8xx\Debug\liblpc_chip_8xx.a(clock_8xx.o)
 .debug_loc     0x00000766       0x28 C:\Users\ciokb\Documents\LPCXpresso_8.1.4_606\workspace\lpc_chip_8xx\Debug\liblpc_chip_8xx.a(gpio_8xx.o)
 .debug_loc     0x0000078e       0x7b C:\Users\ciokb\Documents\LPCXpresso_8.1.4_606\workspace\lpc_chip_8xx\Debug\liblpc_chip_8xx.a(i2c_common_8xx.o)
 .debug_loc     0x00000809       0xd0 C:\Users\ciokb\Documents\LPCXpresso_8.1.4_606\workspace\lpc_chip_8xx\Debug\liblpc_chip_8xx.a(swm_8xx.o)
 .debug_loc     0x000008d9       0x50 C:\Users\ciokb\Documents\LPCXpresso_8.1.4_606\workspace\lpc_chip_8xx\Debug\liblpc_chip_8xx.a(sysinit_8xx.o)
 .debug_loc     0x00000929      0x85f C:\Users\ciokb\Documents\LPCXpresso_8.1.4_606\workspace\lpc_chip_8xx\Debug\liblpc_chip_8xx.a(uart_8xx.o)
 .debug_loc     0x00001188      0x1aa C:\Users\ciokb\Documents\LPCXpresso_8.1.4_606\workspace\lpc_chip_8xx\Debug\liblpc_chip_8xx.a(irc_8xx.o)
 .debug_loc     0x00001332       0xbd C:\Users\ciokb\Documents\LPCXpresso_8.1.4_606\workspace\lpc_chip_8xx\Debug\liblpc_chip_8xx.a(syscon_8xx.o)
